Archive member included to satisfy reference by file (symbol)

c:/cypress/arm_10_2021_10/bin/../lib/gcc/arm-none-eabi/10.3.1/thumb/v6-m/nofp\libgcc.a(_udivsi3.o)
                              out/cy_sysclk.o (__aeabi_uidiv)
c:/cypress/arm_10_2021_10/bin/../lib/gcc/arm-none-eabi/10.3.1/thumb/v6-m/nofp\libgcc.a(_dvmd_tls.o)
                              c:/cypress/arm_10_2021_10/bin/../lib/gcc/arm-none-eabi/10.3.1/thumb/v6-m/nofp\libgcc.a(_udivsi3.o) (__aeabi_idiv0)
c:/cypress/arm_10_2021_10/bin/../lib/gcc/arm-none-eabi/10.3.1/thumb/v6-m/nofp\libgcc.a(_aeabi_uldivmod.o)
                              out/cy_sysclk.o (__aeabi_uldivmod)
c:/cypress/arm_10_2021_10/bin/../lib/gcc/arm-none-eabi/10.3.1/thumb/v6-m/nofp\libgcc.a(_muldi3.o)
                              out/cy_sysclk.o (__aeabi_lmul)
c:/cypress/arm_10_2021_10/bin/../lib/gcc/arm-none-eabi/10.3.1/thumb/v6-m/nofp\libgcc.a(_udivmoddi4.o)
                              c:/cypress/arm_10_2021_10/bin/../lib/gcc/arm-none-eabi/10.3.1/thumb/v6-m/nofp\libgcc.a(_aeabi_uldivmod.o) (__udivmoddi4)
c:/cypress/arm_10_2021_10/bin/../lib/gcc/arm-none-eabi/10.3.1/thumb/v6-m/nofp\libgcc.a(_clzdi2.o)
                              c:/cypress/arm_10_2021_10/bin/../lib/gcc/arm-none-eabi/10.3.1/thumb/v6-m/nofp\libgcc.a(_udivmoddi4.o) (__clzdi2)
c:/cypress/arm_10_2021_10/bin/../lib/gcc/arm-none-eabi/10.3.1/thumb/v6-m/nofp\libgcc.a(_clzsi2.o)
                              c:/cypress/arm_10_2021_10/bin/../lib/gcc/arm-none-eabi/10.3.1/thumb/v6-m/nofp\libgcc.a(_clzdi2.o) (__clzsi2)
c:/cypress/arm_10_2021_10/bin/../lib/gcc/arm-none-eabi/10.3.1/../../../../arm-none-eabi/lib/thumb/v6-m/nofp\libg_nano.a(lib_a-exit.o)
                              c:/cypress/arm_10_2021_10/bin/../lib/gcc/arm-none-eabi/10.3.1/../../../../arm-none-eabi/lib/thumb/v6-m/nofp/crt0.o (exit)
c:/cypress/arm_10_2021_10/bin/../lib/gcc/arm-none-eabi/10.3.1/../../../../arm-none-eabi/lib/thumb/v6-m/nofp\libg_nano.a(lib_a-impure.o)
                              c:/cypress/arm_10_2021_10/bin/../lib/gcc/arm-none-eabi/10.3.1/../../../../arm-none-eabi/lib/thumb/v6-m/nofp\libg_nano.a(lib_a-exit.o) (_global_impure_ptr)
c:/cypress/arm_10_2021_10/bin/../lib/gcc/arm-none-eabi/10.3.1/../../../../arm-none-eabi/lib/thumb/v6-m/nofp\libg_nano.a(lib_a-init.o)
                              c:/cypress/arm_10_2021_10/bin/../lib/gcc/arm-none-eabi/10.3.1/../../../../arm-none-eabi/lib/thumb/v6-m/nofp/crt0.o (__libc_init_array)
c:/cypress/arm_10_2021_10/bin/../lib/gcc/arm-none-eabi/10.3.1/../../../../arm-none-eabi/lib/thumb/v6-m/nofp\libg_nano.a(lib_a-memset.o)
                              c:/cypress/arm_10_2021_10/bin/../lib/gcc/arm-none-eabi/10.3.1/../../../../arm-none-eabi/lib/thumb/v6-m/nofp/crt0.o (memset)
c:/cypress/arm_10_2021_10/bin/../lib/gcc/arm-none-eabi/10.3.1/../../../../arm-none-eabi/lib/thumb/v6-m/nofp\libg_nano.a(lib_a-strncpy.o)
                              out/cy_syslib.o (strncpy)
c:/cypress/arm_10_2021_10/bin/../lib/gcc/arm-none-eabi/10.3.1/../../../../arm-none-eabi/lib/thumb/v6-m/nofp\libnosys.a(_exit.o)
                              c:/cypress/arm_10_2021_10/bin/../lib/gcc/arm-none-eabi/10.3.1/../../../../arm-none-eabi/lib/thumb/v6-m/nofp\libg_nano.a(lib_a-exit.o) (_exit)

Discarded input sections

 .text          0x00000000        0x0 c:/cypress/arm_10_2021_10/bin/../lib/gcc/arm-none-eabi/10.3.1/thumb/v6-m/nofp/crti.o
 .data          0x00000000        0x0 c:/cypress/arm_10_2021_10/bin/../lib/gcc/arm-none-eabi/10.3.1/thumb/v6-m/nofp/crti.o
 .bss           0x00000000        0x0 c:/cypress/arm_10_2021_10/bin/../lib/gcc/arm-none-eabi/10.3.1/thumb/v6-m/nofp/crti.o
 .data          0x00000000        0x4 c:/cypress/arm_10_2021_10/bin/../lib/gcc/arm-none-eabi/10.3.1/thumb/v6-m/nofp/crtbegin.o
 .rodata        0x00000000       0x24 c:/cypress/arm_10_2021_10/bin/../lib/gcc/arm-none-eabi/10.3.1/thumb/v6-m/nofp/crtbegin.o
 .text          0x00000000       0x80 c:/cypress/arm_10_2021_10/bin/../lib/gcc/arm-none-eabi/10.3.1/../../../../arm-none-eabi/lib/thumb/v6-m/nofp/crt0.o
 .data          0x00000000        0x0 c:/cypress/arm_10_2021_10/bin/../lib/gcc/arm-none-eabi/10.3.1/../../../../arm-none-eabi/lib/thumb/v6-m/nofp/crt0.o
 .bss           0x00000000        0x0 c:/cypress/arm_10_2021_10/bin/../lib/gcc/arm-none-eabi/10.3.1/../../../../arm-none-eabi/lib/thumb/v6-m/nofp/crt0.o
 .ARM.extab     0x00000000        0x0 c:/cypress/arm_10_2021_10/bin/../lib/gcc/arm-none-eabi/10.3.1/../../../../arm-none-eabi/lib/thumb/v6-m/nofp/crt0.o
 .ARM.exidx     0x00000000       0x10 c:/cypress/arm_10_2021_10/bin/../lib/gcc/arm-none-eabi/10.3.1/../../../../arm-none-eabi/lib/thumb/v6-m/nofp/crt0.o
 .ARM.attributes
                0x00000000       0x1b c:/cypress/arm_10_2021_10/bin/../lib/gcc/arm-none-eabi/10.3.1/../../../../arm-none-eabi/lib/thumb/v6-m/nofp/crt0.o
 .text          0x00000000        0x0 out/cy_device.o
 .data          0x00000000        0x0 out/cy_device.o
 .bss           0x00000000        0x0 out/cy_device.o
 .rodata.cy_deviceIpBlockCfgPSoC6_01
                0x00000000       0xc0 out/cy_device.o
 .rodata.cy_deviceIpBlockCfgPSoC6_03
                0x00000000       0xc0 out/cy_device.o
 .rodata.cy_deviceIpBlockCfgPSoC6_04
                0x00000000       0xc0 out/cy_device.o
 .text          0x00000000        0x0 out/cy_ipc_pipe.o
 .data          0x00000000        0x0 out/cy_ipc_pipe.o
 .bss           0x00000000        0x0 out/cy_ipc_pipe.o
 .text.Cy_IPC_Pipe_SendMessage
                0x00000000       0x88 out/cy_ipc_pipe.o
 .text.Cy_IPC_Pipe_RegisterCallback
                0x00000000       0x40 out/cy_ipc_pipe.o
 .text.Cy_IPC_Pipe_RegisterCallbackRel
                0x00000000       0x20 out/cy_ipc_pipe.o
 .text.Cy_IPC_Pipe_EndpointPause
                0x00000000       0x44 out/cy_ipc_pipe.o
 .text.Cy_IPC_Pipe_EndpointResume
                0x00000000       0x3c out/cy_ipc_pipe.o
 .text          0x00000000        0x0 out/cy_ipc_drv.o
 .data          0x00000000        0x0 out/cy_ipc_drv.o
 .bss           0x00000000        0x0 out/cy_ipc_drv.o
 .text.Cy_IPC_Drv_SendMsgDWord
                0x00000000       0x30 out/cy_ipc_drv.o
 .text.Cy_IPC_Drv_ReadMsgDWord
                0x00000000       0x30 out/cy_ipc_drv.o
 .text          0x00000000        0x0 out/cy_ipc_sema.o
 .data          0x00000000        0x0 out/cy_ipc_sema.o
 .bss           0x00000000        0x0 out/cy_ipc_sema.o
 .text.Cy_IPC_Sema_Set
                0x00000000       0x84 out/cy_ipc_sema.o
 .text.Cy_IPC_Sema_Clear
                0x00000000       0x80 out/cy_ipc_sema.o
 .text.Cy_IPC_Sema_Status
                0x00000000       0x3c out/cy_ipc_sema.o
 .text.Cy_IPC_Sema_GetMaxSems
                0x00000000       0x10 out/cy_ipc_sema.o
 .text          0x00000000        0x0 out/cy_wdt.o
 .data          0x00000000        0x0 out/cy_wdt.o
 .bss           0x00000000        0x0 out/cy_wdt.o
 .text.Cy_WDT_Lock
                0x00000000       0x18 out/cy_wdt.o
 .text.Cy_WDT_Locked
                0x00000000       0x18 out/cy_wdt.o
 .text.Cy_WDT_SetMatch
                0x00000000       0x30 out/cy_wdt.o
 .text.Cy_WDT_SetIgnoreBits
                0x00000000       0x34 out/cy_wdt.o
 .text.Cy_WDT_ClearInterrupt
                0x00000000       0x14 out/cy_wdt.o
 .text.Cy_WDT_Init
                0x00000000       0x40 out/cy_wdt.o
 .text.Cy_WDT_ClearWatchdog
                0x00000000        0x8 out/cy_wdt.o
 .text          0x00000000        0x0 out/cy_sysint.o
 .data          0x00000000        0x0 out/cy_sysint.o
 .bss           0x00000000        0x0 out/cy_sysint.o
 .text.Cy_SysInt_SetNmiSource
                0x00000000       0x44 out/cy_sysint.o
 .text.Cy_SysInt_GetNmiSource
                0x00000000       0x30 out/cy_sysint.o
 .text.Cy_SysInt_DisconnectInterruptSource
                0x00000000       0x30 out/cy_sysint.o
 .text.Cy_SysInt_GetInterruptSource
                0x00000000       0x3c out/cy_sysint.o
 .text.Cy_SysInt_GetNvicConnection
                0x00000000       0x3c out/cy_sysint.o
 .text.Cy_SysInt_GetInterruptActive
                0x00000000       0x38 out/cy_sysint.o
 .text.Cy_SysInt_GetVector
                0x00000000       0x28 out/cy_sysint.o
 .text          0x00000000        0x0 out/cy_sysclk.o
 .data          0x00000000        0x0 out/cy_sysclk.o
 .bss           0x00000000        0x0 out/cy_sysclk.o
 .text.cy_sqrt  0x00000000       0x28 out/cy_sysclk.o
 .text.Cy_SysClk_PeriphSetDivider
                0x00000000       0x8c out/cy_sysclk.o
 .text.Cy_SysClk_PeriphGetDivider
                0x00000000       0x50 out/cy_sysclk.o
 .text.Cy_SysClk_PeriphSetFracDivider
                0x00000000       0xd0 out/cy_sysclk.o
 .text.Cy_SysClk_PeriphGetFracDivider
                0x00000000       0x88 out/cy_sysclk.o
 .text.Cy_SysClk_PeriphAssignDivider
                0x00000000       0x74 out/cy_sysclk.o
 .text.Cy_SysClk_PeriphGetAssignedDivider
                0x00000000       0x38 out/cy_sysclk.o
 .text.Cy_SysClk_PeriphEnableDivider
                0x00000000       0x84 out/cy_sysclk.o
 .text.Cy_SysClk_PeriphDisableDivider
                0x00000000       0x68 out/cy_sysclk.o
 .text.Cy_SysClk_PeriphEnablePhaseAlignDivider
                0x00000000       0xbc out/cy_sysclk.o
 .text.Cy_SysClk_PeriphGetDividerEnabled
                0x00000000       0xa8 out/cy_sysclk.o
 .text.Cy_SysClk_ClkSlowSetDivider
                0x00000000       0x24 out/cy_sysclk.o
 .text.Cy_SysClk_ClkPumpSetSource
                0x00000000       0x2c out/cy_sysclk.o
 .text.Cy_SysClk_ClkPumpGetSource
                0x00000000       0x14 out/cy_sysclk.o
 .text.Cy_SysClk_ClkPumpSetDivider
                0x00000000       0x2c out/cy_sysclk.o
 .text.Cy_SysClk_ClkPumpGetDivider
                0x00000000       0x14 out/cy_sysclk.o
 .text.Cy_SysClk_ClkPumpEnable
                0x00000000       0x18 out/cy_sysclk.o
 .text.Cy_SysClk_ClkPumpIsEnabled
                0x00000000       0x1c out/cy_sysclk.o
 .text.Cy_SysClk_ClkPumpDisable
                0x00000000       0x18 out/cy_sysclk.o
 .text.Cy_SysClk_ClkBakSetSource
                0x00000000       0x24 out/cy_sysclk.o
 .text.Cy_SysClk_ClkBakGetSource
                0x00000000       0x10 out/cy_sysclk.o
 .text.Cy_SysClk_ClkTimerSetSource
                0x00000000       0x30 out/cy_sysclk.o
 .text.Cy_SysClk_ClkTimerGetSource
                0x00000000       0x18 out/cy_sysclk.o
 .text.Cy_SysClk_ClkTimerSetDivider
                0x00000000       0x20 out/cy_sysclk.o
 .text.Cy_SysClk_ClkTimerGetDivider
                0x00000000       0x14 out/cy_sysclk.o
 .text.Cy_SysClk_ClkTimerEnable
                0x00000000       0x18 out/cy_sysclk.o
 .text.Cy_SysClk_ClkTimerIsEnabled
                0x00000000       0x14 out/cy_sysclk.o
 .text.Cy_SysClk_ClkTimerDisable
                0x00000000       0x18 out/cy_sysclk.o
 .text.Cy_SysClk_ClkLfSetSource
                0x00000000       0x24 out/cy_sysclk.o
 .text.Cy_SysClk_ClkLfGetSource
                0x00000000       0x14 out/cy_sysclk.o
 .text.Cy_SysClk_ClkPeriSetDivider
                0x00000000       0x20 out/cy_sysclk.o
 .text.Cy_SysClk_ClkFastSetDivider
                0x00000000       0x24 out/cy_sysclk.o
 .text.Cy_SysClk_ClkFastGetDivider
                0x00000000       0x18 out/cy_sysclk.o
 .text.Cy_SysClk_ClkHfEnable
                0x00000000       0x30 out/cy_sysclk.o
 .text.Cy_SysClk_ClkHfIsEnabled
                0x00000000       0x24 out/cy_sysclk.o
 .text.Cy_SysClk_ClkHfDisable
                0x00000000       0x38 out/cy_sysclk.o
 .text.Cy_SysClk_ClkHfSetSource
                0x00000000       0x3c out/cy_sysclk.o
 .text.Cy_SysClk_ClkHfSetDivider
                0x00000000       0x40 out/cy_sysclk.o
 .text.Cy_SysClk_MfoEnable
                0x00000000       0x30 out/cy_sysclk.o
 .text.Cy_SysClk_MfoIsEnabled
                0x00000000       0x2c out/cy_sysclk.o
 .text.Cy_SysClk_MfoDisable
                0x00000000       0x24 out/cy_sysclk.o
 .text.Cy_SysClk_ClkMfEnable
                0x00000000       0x2c out/cy_sysclk.o
 .text.Cy_SysClk_ClkMfIsEnabled
                0x00000000       0x30 out/cy_sysclk.o
 .text.Cy_SysClk_ClkMfDisable
                0x00000000       0x28 out/cy_sysclk.o
 .text.Cy_SysClk_ClkMfSetDivider
                0x00000000       0x44 out/cy_sysclk.o
 .text.Cy_SysClk_ClkMfGetDivider
                0x00000000       0x2c out/cy_sysclk.o
 .text.Cy_SysClk_ClkMfGetFrequency
                0x00000000       0x24 out/cy_sysclk.o
 .text.Cy_SysClk_WcoEnable
                0x00000000       0x38 out/cy_sysclk.o
 .text.Cy_SysClk_WcoDisable
                0x00000000       0x10 out/cy_sysclk.o
 .text.Cy_SysClk_WcoBypass
                0x00000000       0x20 out/cy_sysclk.o
 .text.Cy_SysClk_PiloEnable
                0x00000000       0x2c out/cy_sysclk.o
 .text.Cy_SysClk_PiloIsEnabled
                0x00000000       0x1c out/cy_sysclk.o
 .text.Cy_SysClk_PiloDisable
                0x00000000       0x18 out/cy_sysclk.o
 .text.Cy_SysClk_PiloSetTrim
                0x00000000       0x1c out/cy_sysclk.o
 .text.Cy_SysClk_PiloGetTrim
                0x00000000       0x14 out/cy_sysclk.o
 .text.Cy_SysClk_AltLfIsEnabled
                0x00000000        0x4 out/cy_sysclk.o
 .text.Cy_SysClk_IloEnable
                0x00000000       0x18 out/cy_sysclk.o
 .text.Cy_SysClk_IloIsEnabled
                0x00000000       0x14 out/cy_sysclk.o
 .text.Cy_SysClk_IloDisable
                0x00000000       0x30 out/cy_sysclk.o
 .text.Cy_SysClk_IloHibernateOn
                0x00000000       0x24 out/cy_sysclk.o
 .text.Cy_SysClk_ExtClkSetFrequency
                0x00000000       0x14 out/cy_sysclk.o
 .text.Cy_SysClk_EcoDisable
                0x00000000       0x18 out/cy_sysclk.o
 .text.Cy_SysClk_EcoConfigure
                0x00000000      0x14c out/cy_sysclk.o
 .text.Cy_SysClk_EcoEnable
                0x00000000       0x68 out/cy_sysclk.o
 .text.Cy_SysClk_ClkPathSetSource
                0x00000000       0x5c out/cy_sysclk.o
 .text.Cy_SysClk_FllLocked
                0x00000000       0x14 out/cy_sysclk.o
 .text.Cy_SysClk_FllDisable
                0x00000000       0x3c out/cy_sysclk.o
 .text.Cy_SysClk_FllManualConfigure
                0x00000000      0x120 out/cy_sysclk.o
 .text.Cy_SysClk_FllConfigure
                0x00000000      0x368 out/cy_sysclk.o
 .text.Cy_SysClk_FllEnable
                0x00000000       0xb0 out/cy_sysclk.o
 .text.Cy_SysClk_PllLocked
                0x00000000       0x28 out/cy_sysclk.o
 .text.Cy_SysClk_PllLostLock
                0x00000000       0x34 out/cy_sysclk.o
 .text.Cy_SysClk_PllDisable
                0x00000000       0x4c out/cy_sysclk.o
 .text.Cy_SysClk_PllManualConfigure
                0x00000000       0xd8 out/cy_sysclk.o
 .text.Cy_SysClk_PllConfigure
                0x00000000      0x154 out/cy_sysclk.o
 .text.Cy_SysClk_PllEnable
                0x00000000       0xc0 out/cy_sysclk.o
 .text.Cy_SysClk_ClkMeasurementCountersGetFreq
                0x00000000       0xc0 out/cy_sysclk.o
 .text.Cy_SysClk_ClkMeasurementCountersDone
                0x00000000       0x14 out/cy_sysclk.o
 .text.Cy_SysClk_StartClkMeasurementCounters
                0x00000000      0x19c out/cy_sysclk.o
 .text.Cy_SysClk_IloTrim
                0x00000000       0x74 out/cy_sysclk.o
 .text.Cy_SysClk_PiloTrim
                0x00000000       0x80 out/cy_sysclk.o
 .text.Cy_SysClk_PiloInitialTrim
                0x00000000       0x78 out/cy_sysclk.o
 .text.Cy_SysClk_PiloUpdateTrimStep
                0x00000000       0xb0 out/cy_sysclk.o
 .text.Cy_SysClk_DeepSleepCallback
                0x00000000      0x248 out/cy_sysclk.o
 .text.Cy_SysClk_ClkPumpGetFrequency
                0x00000000       0x22 out/cy_sysclk.o
 .text.Cy_SysClk_ClkPeriGetFrequency
                0x00000000       0x1a out/cy_sysclk.o
 .text.Cy_SysClk_ClkSlowGetFrequency
                0x00000000       0x18 out/cy_sysclk.o
 .text.Cy_SysClk_PeriphGetFrequency
                0x00000000       0xa0 out/cy_sysclk.o
 .text.Cy_SysClk_ClkFastGetFrequency
                0x00000000       0x1a out/cy_sysclk.o
 .text.Cy_SysClk_ClkTimerGetFrequency
                0x00000000       0x78 out/cy_sysclk.o
 .rodata        0x00000000       0x28 out/cy_sysclk.o
 .bss.changedSourcePaths.1
                0x00000000        0x2 out/cy_sysclk.o
 .bss.clk1Count1
                0x00000000        0x4 out/cy_sysclk.o
 .bss.clkCounting
                0x00000000        0x1 out/cy_sysclk.o
 .bss.pllAutoModes.0
                0x00000000        0x2 out/cy_sysclk.o
 .bss.preventCounting
                0x00000000        0x1 out/cy_sysclk.o
 .data.stepSize
                0x00000000        0x4 out/cy_sysclk.o
 .text          0x00000000        0x0 out/system_psoc6_cm0plus.o
 .data          0x00000000        0x0 out/system_psoc6_cm0plus.o
 .bss           0x00000000        0x0 out/system_psoc6_cm0plus.o
 .text.Cy_SysGetCM4Status
                0x00000000       0x14 out/system_psoc6_cm0plus.o
 .text.Cy_SysDisableCM4
                0x00000000       0x34 out/system_psoc6_cm0plus.o
 .text.Cy_SysRetainCM4
                0x00000000       0x2c out/system_psoc6_cm0plus.o
 .text.Cy_SysResetCM4
                0x00000000       0x34 out/system_psoc6_cm0plus.o
 .text.Cy_SysEnableCM4
                0x00000000       0x54 out/system_psoc6_cm0plus.o
 .bss.cy_BleEcoClockFreqHz
                0x00000000        0x4 out/system_psoc6_cm0plus.o
 .data          0x00000000        0x0 out/startup_psoc6_02_cm0plus.o
 .bss           0x00000000        0x0 out/startup_psoc6_02_cm0plus.o
 .text          0x00000000        0x0 out/cy_gpio.o
 .data          0x00000000        0x0 out/cy_gpio.o
 .bss           0x00000000        0x0 out/cy_gpio.o
 .text.Cy_GPIO_Port_Init
                0x00000000       0xb0 out/cy_gpio.o
 .text.Cy_GPIO_Port_Deinit
                0x00000000       0x54 out/cy_gpio.o
 .text.Cy_GPIO_SetAmuxSplit
                0x00000000       0x60 out/cy_gpio.o
 .text.Cy_GPIO_GetAmuxSplit
                0x00000000       0x48 out/cy_gpio.o
 .text.Cy_GPIO_Pin_FastInit
                0x00000000       0x74 out/cy_gpio.o
 .text.Cy_GPIO_GetHSIOM
                0x00000000       0x3c out/cy_gpio.o
 .text.Cy_GPIO_Read
                0x00000000       0x10 out/cy_gpio.o
 .text.Cy_GPIO_ReadOut
                0x00000000       0x10 out/cy_gpio.o
 .text.Cy_GPIO_Set
                0x00000000        0xe out/cy_gpio.o
 .text.Cy_GPIO_Clr
                0x00000000        0xe out/cy_gpio.o
 .text.Cy_GPIO_GetDrivemode
                0x00000000       0x24 out/cy_gpio.o
 .text.Cy_GPIO_GetVtrip
                0x00000000       0x20 out/cy_gpio.o
 .text.Cy_GPIO_SetSlewRate
                0x00000000       0x34 out/cy_gpio.o
 .text.Cy_GPIO_GetSlewRate
                0x00000000       0x20 out/cy_gpio.o
 .text.Cy_GPIO_SetDriveSel
                0x00000000       0x38 out/cy_gpio.o
 .text.Cy_GPIO_GetDriveSel
                0x00000000       0x24 out/cy_gpio.o
 .text.Cy_GPIO_SetVregEn
                0x00000000       0x3c out/cy_gpio.o
 .text.Cy_GPIO_GetVregEn
                0x00000000       0x2c out/cy_gpio.o
 .text.Cy_GPIO_SetIbufMode
                0x00000000       0x3c out/cy_gpio.o
 .text.Cy_GPIO_GetIbufMode
                0x00000000       0x2c out/cy_gpio.o
 .text.Cy_GPIO_SetVtripSel
                0x00000000       0x3c out/cy_gpio.o
 .text.Cy_GPIO_GetVtripSel
                0x00000000       0x2c out/cy_gpio.o
 .text.Cy_GPIO_SetVrefSel
                0x00000000       0x3c out/cy_gpio.o
 .text.Cy_GPIO_GetVrefSel
                0x00000000       0x2c out/cy_gpio.o
 .text.Cy_GPIO_SetVohSel
                0x00000000       0x3c out/cy_gpio.o
 .text.Cy_GPIO_GetVohSel
                0x00000000       0x2c out/cy_gpio.o
 .text.Cy_GPIO_GetInterruptStatus
                0x00000000       0x10 out/cy_gpio.o
 .text.Cy_GPIO_ClearInterrupt
                0x00000000       0x12 out/cy_gpio.o
 .text.Cy_GPIO_GetInterruptMask
                0x00000000       0x10 out/cy_gpio.o
 .text.Cy_GPIO_GetInterruptStatusMasked
                0x00000000       0x10 out/cy_gpio.o
 .text.Cy_GPIO_SetSwInterrupt
                0x00000000        0xe out/cy_gpio.o
 .text.Cy_GPIO_GetInterruptEdge
                0x00000000       0x24 out/cy_gpio.o
 .text.Cy_GPIO_SetFilter
                0x00000000       0x30 out/cy_gpio.o
 .text.Cy_GPIO_GetFilter
                0x00000000       0x18 out/cy_gpio.o
 .text          0x00000000        0x0 out/cy_syslib.o
 .data          0x00000000        0x0 out/cy_syslib.o
 .bss           0x00000000        0x0 out/cy_syslib.o
 .text.Cy_SysLib_DelayUs
                0x00000000       0x14 out/cy_syslib.o
 .text.Cy_SysLib_Rtos_Delay
                0x00000000        0x8 out/cy_syslib.o
 .text.Cy_SysLib_Rtos_DelayUs
                0x00000000        0x8 out/cy_syslib.o
 .text.Cy_SysLib_Halt
                0x00000000        0x4 out/cy_syslib.o
 .text.Cy_SysLib_AssertFailed
                0x00000000       0x1c out/cy_syslib.o
 .text.Cy_SysLib_ClearFlashCacheAndBuffer
                0x00000000       0x10 out/cy_syslib.o
 .text.Cy_SysLib_ResetBackupDomain
                0x00000000       0x20 out/cy_syslib.o
 .text.Cy_SysLib_GetResetReason
                0x00000000       0x40 out/cy_syslib.o
 .text.Cy_SysLib_ClearResetReason
                0x00000000       0x30 out/cy_syslib.o
 .text.Cy_SysLib_SoftResetCM4
                0x00000000       0x5c out/cy_syslib.o
 .text.Cy_SysLib_GetUniqueId
                0x00000000       0x70 out/cy_syslib.o
 .text.Cy_SysLib_SetWaitStates
                0x00000000       0xe0 out/cy_syslib.o
 .text.Cy_SysLib_GetDeviceRevision
                0x00000000       0x18 out/cy_syslib.o
 .text.Cy_SysLib_GetDevice
                0x00000000       0x1c out/cy_syslib.o
 .bss.msg.0     0x00000000        0x4 out/cy_syslib.o
 .data          0x00000000        0x0 out/cy_syslib_gcc.o
 .bss           0x00000000        0x0 out/cy_syslib_gcc.o
 .text          0x00000000        0x0 out/main.o
 .data          0x00000000        0x0 out/main.o
 .bss           0x00000000        0x0 out/main.o
 .data          0x00000000        0x0 c:/cypress/arm_10_2021_10/bin/../lib/gcc/arm-none-eabi/10.3.1/thumb/v6-m/nofp\libgcc.a(_udivsi3.o)
 .bss           0x00000000        0x0 c:/cypress/arm_10_2021_10/bin/../lib/gcc/arm-none-eabi/10.3.1/thumb/v6-m/nofp\libgcc.a(_udivsi3.o)
 .data          0x00000000        0x0 c:/cypress/arm_10_2021_10/bin/../lib/gcc/arm-none-eabi/10.3.1/thumb/v6-m/nofp\libgcc.a(_dvmd_tls.o)
 .bss           0x00000000        0x0 c:/cypress/arm_10_2021_10/bin/../lib/gcc/arm-none-eabi/10.3.1/thumb/v6-m/nofp\libgcc.a(_dvmd_tls.o)
 .data          0x00000000        0x0 c:/cypress/arm_10_2021_10/bin/../lib/gcc/arm-none-eabi/10.3.1/thumb/v6-m/nofp\libgcc.a(_aeabi_uldivmod.o)
 .bss           0x00000000        0x0 c:/cypress/arm_10_2021_10/bin/../lib/gcc/arm-none-eabi/10.3.1/thumb/v6-m/nofp\libgcc.a(_aeabi_uldivmod.o)
 .data          0x00000000        0x0 c:/cypress/arm_10_2021_10/bin/../lib/gcc/arm-none-eabi/10.3.1/thumb/v6-m/nofp\libgcc.a(_muldi3.o)
 .bss           0x00000000        0x0 c:/cypress/arm_10_2021_10/bin/../lib/gcc/arm-none-eabi/10.3.1/thumb/v6-m/nofp\libgcc.a(_muldi3.o)
 .data          0x00000000        0x0 c:/cypress/arm_10_2021_10/bin/../lib/gcc/arm-none-eabi/10.3.1/thumb/v6-m/nofp\libgcc.a(_udivmoddi4.o)
 .bss           0x00000000        0x0 c:/cypress/arm_10_2021_10/bin/../lib/gcc/arm-none-eabi/10.3.1/thumb/v6-m/nofp\libgcc.a(_udivmoddi4.o)
 .ARM.extab     0x00000000        0x0 c:/cypress/arm_10_2021_10/bin/../lib/gcc/arm-none-eabi/10.3.1/thumb/v6-m/nofp\libgcc.a(_udivmoddi4.o)
 .data          0x00000000        0x0 c:/cypress/arm_10_2021_10/bin/../lib/gcc/arm-none-eabi/10.3.1/thumb/v6-m/nofp\libgcc.a(_clzdi2.o)
 .bss           0x00000000        0x0 c:/cypress/arm_10_2021_10/bin/../lib/gcc/arm-none-eabi/10.3.1/thumb/v6-m/nofp\libgcc.a(_clzdi2.o)
 .data          0x00000000        0x0 c:/cypress/arm_10_2021_10/bin/../lib/gcc/arm-none-eabi/10.3.1/thumb/v6-m/nofp\libgcc.a(_clzsi2.o)
 .bss           0x00000000        0x0 c:/cypress/arm_10_2021_10/bin/../lib/gcc/arm-none-eabi/10.3.1/thumb/v6-m/nofp\libgcc.a(_clzsi2.o)
 .text          0x00000000        0x0 c:/cypress/arm_10_2021_10/bin/../lib/gcc/arm-none-eabi/10.3.1/../../../../arm-none-eabi/lib/thumb/v6-m/nofp\libg_nano.a(lib_a-exit.o)
 .data          0x00000000        0x0 c:/cypress/arm_10_2021_10/bin/../lib/gcc/arm-none-eabi/10.3.1/../../../../arm-none-eabi/lib/thumb/v6-m/nofp\libg_nano.a(lib_a-exit.o)
 .bss           0x00000000        0x0 c:/cypress/arm_10_2021_10/bin/../lib/gcc/arm-none-eabi/10.3.1/../../../../arm-none-eabi/lib/thumb/v6-m/nofp\libg_nano.a(lib_a-exit.o)
 .text.exit     0x00000000       0x2c c:/cypress/arm_10_2021_10/bin/../lib/gcc/arm-none-eabi/10.3.1/../../../../arm-none-eabi/lib/thumb/v6-m/nofp\libg_nano.a(lib_a-exit.o)
 .debug_frame   0x00000000       0x28 c:/cypress/arm_10_2021_10/bin/../lib/gcc/arm-none-eabi/10.3.1/../../../../arm-none-eabi/lib/thumb/v6-m/nofp\libg_nano.a(lib_a-exit.o)
 .ARM.attributes
                0x00000000       0x2c c:/cypress/arm_10_2021_10/bin/../lib/gcc/arm-none-eabi/10.3.1/../../../../arm-none-eabi/lib/thumb/v6-m/nofp\libg_nano.a(lib_a-exit.o)
 .text          0x00000000        0x0 c:/cypress/arm_10_2021_10/bin/../lib/gcc/arm-none-eabi/10.3.1/../../../../arm-none-eabi/lib/thumb/v6-m/nofp\libg_nano.a(lib_a-impure.o)
 .data          0x00000000        0x0 c:/cypress/arm_10_2021_10/bin/../lib/gcc/arm-none-eabi/10.3.1/../../../../arm-none-eabi/lib/thumb/v6-m/nofp\libg_nano.a(lib_a-impure.o)
 .bss           0x00000000        0x0 c:/cypress/arm_10_2021_10/bin/../lib/gcc/arm-none-eabi/10.3.1/../../../../arm-none-eabi/lib/thumb/v6-m/nofp\libg_nano.a(lib_a-impure.o)
 .data._impure_ptr
                0x00000000        0x4 c:/cypress/arm_10_2021_10/bin/../lib/gcc/arm-none-eabi/10.3.1/../../../../arm-none-eabi/lib/thumb/v6-m/nofp\libg_nano.a(lib_a-impure.o)
 .data.impure_data
                0x00000000       0x60 c:/cypress/arm_10_2021_10/bin/../lib/gcc/arm-none-eabi/10.3.1/../../../../arm-none-eabi/lib/thumb/v6-m/nofp\libg_nano.a(lib_a-impure.o)
 .rodata._global_impure_ptr
                0x00000000        0x4 c:/cypress/arm_10_2021_10/bin/../lib/gcc/arm-none-eabi/10.3.1/../../../../arm-none-eabi/lib/thumb/v6-m/nofp\libg_nano.a(lib_a-impure.o)
 .ARM.attributes
                0x00000000       0x2c c:/cypress/arm_10_2021_10/bin/../lib/gcc/arm-none-eabi/10.3.1/../../../../arm-none-eabi/lib/thumb/v6-m/nofp\libg_nano.a(lib_a-impure.o)
 .text          0x00000000        0x0 c:/cypress/arm_10_2021_10/bin/../lib/gcc/arm-none-eabi/10.3.1/../../../../arm-none-eabi/lib/thumb/v6-m/nofp\libg_nano.a(lib_a-init.o)
 .data          0x00000000        0x0 c:/cypress/arm_10_2021_10/bin/../lib/gcc/arm-none-eabi/10.3.1/../../../../arm-none-eabi/lib/thumb/v6-m/nofp\libg_nano.a(lib_a-init.o)
 .bss           0x00000000        0x0 c:/cypress/arm_10_2021_10/bin/../lib/gcc/arm-none-eabi/10.3.1/../../../../arm-none-eabi/lib/thumb/v6-m/nofp\libg_nano.a(lib_a-init.o)
 .text.__libc_init_array
                0x00000000       0x48 c:/cypress/arm_10_2021_10/bin/../lib/gcc/arm-none-eabi/10.3.1/../../../../arm-none-eabi/lib/thumb/v6-m/nofp\libg_nano.a(lib_a-init.o)
 .debug_frame   0x00000000       0x2c c:/cypress/arm_10_2021_10/bin/../lib/gcc/arm-none-eabi/10.3.1/../../../../arm-none-eabi/lib/thumb/v6-m/nofp\libg_nano.a(lib_a-init.o)
 .ARM.attributes
                0x00000000       0x2c c:/cypress/arm_10_2021_10/bin/../lib/gcc/arm-none-eabi/10.3.1/../../../../arm-none-eabi/lib/thumb/v6-m/nofp\libg_nano.a(lib_a-init.o)
 .text          0x00000000        0x0 c:/cypress/arm_10_2021_10/bin/../lib/gcc/arm-none-eabi/10.3.1/../../../../arm-none-eabi/lib/thumb/v6-m/nofp\libg_nano.a(lib_a-memset.o)
 .data          0x00000000        0x0 c:/cypress/arm_10_2021_10/bin/../lib/gcc/arm-none-eabi/10.3.1/../../../../arm-none-eabi/lib/thumb/v6-m/nofp\libg_nano.a(lib_a-memset.o)
 .bss           0x00000000        0x0 c:/cypress/arm_10_2021_10/bin/../lib/gcc/arm-none-eabi/10.3.1/../../../../arm-none-eabi/lib/thumb/v6-m/nofp\libg_nano.a(lib_a-memset.o)
 .text          0x00000000        0x0 c:/cypress/arm_10_2021_10/bin/../lib/gcc/arm-none-eabi/10.3.1/../../../../arm-none-eabi/lib/thumb/v6-m/nofp\libg_nano.a(lib_a-strncpy.o)
 .data          0x00000000        0x0 c:/cypress/arm_10_2021_10/bin/../lib/gcc/arm-none-eabi/10.3.1/../../../../arm-none-eabi/lib/thumb/v6-m/nofp\libg_nano.a(lib_a-strncpy.o)
 .bss           0x00000000        0x0 c:/cypress/arm_10_2021_10/bin/../lib/gcc/arm-none-eabi/10.3.1/../../../../arm-none-eabi/lib/thumb/v6-m/nofp\libg_nano.a(lib_a-strncpy.o)
 .text.strncpy  0x00000000       0x28 c:/cypress/arm_10_2021_10/bin/../lib/gcc/arm-none-eabi/10.3.1/../../../../arm-none-eabi/lib/thumb/v6-m/nofp\libg_nano.a(lib_a-strncpy.o)
 .debug_frame   0x00000000       0x2c c:/cypress/arm_10_2021_10/bin/../lib/gcc/arm-none-eabi/10.3.1/../../../../arm-none-eabi/lib/thumb/v6-m/nofp\libg_nano.a(lib_a-strncpy.o)
 .ARM.attributes
                0x00000000       0x2c c:/cypress/arm_10_2021_10/bin/../lib/gcc/arm-none-eabi/10.3.1/../../../../arm-none-eabi/lib/thumb/v6-m/nofp\libg_nano.a(lib_a-strncpy.o)
 .text          0x00000000        0x0 c:/cypress/arm_10_2021_10/bin/../lib/gcc/arm-none-eabi/10.3.1/thumb/v6-m/nofp/crtend.o
 .data          0x00000000        0x0 c:/cypress/arm_10_2021_10/bin/../lib/gcc/arm-none-eabi/10.3.1/thumb/v6-m/nofp/crtend.o
 .bss           0x00000000        0x0 c:/cypress/arm_10_2021_10/bin/../lib/gcc/arm-none-eabi/10.3.1/thumb/v6-m/nofp/crtend.o
 .rodata        0x00000000       0x24 c:/cypress/arm_10_2021_10/bin/../lib/gcc/arm-none-eabi/10.3.1/thumb/v6-m/nofp/crtend.o
 .text          0x00000000        0x0 c:/cypress/arm_10_2021_10/bin/../lib/gcc/arm-none-eabi/10.3.1/thumb/v6-m/nofp/crtn.o
 .data          0x00000000        0x0 c:/cypress/arm_10_2021_10/bin/../lib/gcc/arm-none-eabi/10.3.1/thumb/v6-m/nofp/crtn.o
 .bss           0x00000000        0x0 c:/cypress/arm_10_2021_10/bin/../lib/gcc/arm-none-eabi/10.3.1/thumb/v6-m/nofp/crtn.o
 .text          0x00000000        0x0 c:/cypress/arm_10_2021_10/bin/../lib/gcc/arm-none-eabi/10.3.1/../../../../arm-none-eabi/lib/thumb/v6-m/nofp\libnosys.a(_exit.o)
 .data          0x00000000        0x0 c:/cypress/arm_10_2021_10/bin/../lib/gcc/arm-none-eabi/10.3.1/../../../../arm-none-eabi/lib/thumb/v6-m/nofp\libnosys.a(_exit.o)
 .bss           0x00000000        0x0 c:/cypress/arm_10_2021_10/bin/../lib/gcc/arm-none-eabi/10.3.1/../../../../arm-none-eabi/lib/thumb/v6-m/nofp\libnosys.a(_exit.o)
 .text._exit    0x00000000        0x4 c:/cypress/arm_10_2021_10/bin/../lib/gcc/arm-none-eabi/10.3.1/../../../../arm-none-eabi/lib/thumb/v6-m/nofp\libnosys.a(_exit.o)
 .debug_frame   0x00000000       0x20 c:/cypress/arm_10_2021_10/bin/../lib/gcc/arm-none-eabi/10.3.1/../../../../arm-none-eabi/lib/thumb/v6-m/nofp\libnosys.a(_exit.o)
 .ARM.attributes
                0x00000000       0x2c c:/cypress/arm_10_2021_10/bin/../lib/gcc/arm-none-eabi/10.3.1/../../../../arm-none-eabi/lib/thumb/v6-m/nofp\libnosys.a(_exit.o)

Memory Configuration

Name             Origin             Length             Attributes
ram              0x08000000         0x00002000         xrw
flash            0x10000000         0x00002000         xr
em_eeprom        0x14000000         0x00008000         xr
sflash_user_data 0x16000800         0x00000800         xr
sflash_nar       0x16001a00         0x00000200         xr
sflash_public_key 0x16005a00         0x00000c00         xr
sflash_toc_2     0x16007c00         0x00000200         xr
sflash_rtoc_2    0x16007e00         0x00000200         xr
xip              0x18000000         0x08000000         xr
efuse            0x90700000         0x00100000         r
*default*        0x00000000         0xffffffff

Linker script and memory map

LOAD c:/cypress/arm_10_2021_10/bin/../lib/gcc/arm-none-eabi/10.3.1/thumb/v6-m/nofp/crti.o
LOAD c:/cypress/arm_10_2021_10/bin/../lib/gcc/arm-none-eabi/10.3.1/thumb/v6-m/nofp/crtbegin.o
LOAD c:/cypress/arm_10_2021_10/bin/../lib/gcc/arm-none-eabi/10.3.1/../../../../arm-none-eabi/lib/thumb/v6-m/nofp/crt0.o
START GROUP
END GROUP
LOAD out/cy_device.o
LOAD out/cy_ipc_pipe.o
LOAD out/cy_ipc_drv.o
LOAD out/cy_ipc_sema.o
LOAD out/cy_wdt.o
LOAD out/cy_sysint.o
LOAD out/cy_sysclk.o
LOAD out/system_psoc6_cm0plus.o
LOAD out/startup_psoc6_02_cm0plus.o
LOAD out/cy_gpio.o
LOAD out/cy_syslib.o
LOAD out/cy_syslib_gcc.o
LOAD out/main.o
START GROUP
LOAD c:/cypress/arm_10_2021_10/bin/../lib/gcc/arm-none-eabi/10.3.1/thumb/v6-m/nofp\libgcc.a
LOAD c:/cypress/arm_10_2021_10/bin/../lib/gcc/arm-none-eabi/10.3.1/../../../../arm-none-eabi/lib/thumb/v6-m/nofp\libg_nano.a
LOAD c:/cypress/arm_10_2021_10/bin/../lib/gcc/arm-none-eabi/10.3.1/../../../../arm-none-eabi/lib/thumb/v6-m/nofp\libc_nano.a
END GROUP
START GROUP
LOAD c:/cypress/arm_10_2021_10/bin/../lib/gcc/arm-none-eabi/10.3.1/thumb/v6-m/nofp\libgcc.a
LOAD c:/cypress/arm_10_2021_10/bin/../lib/gcc/arm-none-eabi/10.3.1/../../../../arm-none-eabi/lib/thumb/v6-m/nofp\libc_nano.a
END GROUP
LOAD c:/cypress/arm_10_2021_10/bin/../lib/gcc/arm-none-eabi/10.3.1/thumb/v6-m/nofp/crtend.o
LOAD c:/cypress/arm_10_2021_10/bin/../lib/gcc/arm-none-eabi/10.3.1/thumb/v6-m/nofp/crtn.o
START GROUP
LOAD c:/cypress/arm_10_2021_10/bin/../lib/gcc/arm-none-eabi/10.3.1/thumb/v6-m/nofp\libgcc.a
LOAD c:/cypress/arm_10_2021_10/bin/../lib/gcc/arm-none-eabi/10.3.1/../../../../arm-none-eabi/lib/thumb/v6-m/nofp\libc.a
LOAD c:/cypress/arm_10_2021_10/bin/../lib/gcc/arm-none-eabi/10.3.1/../../../../arm-none-eabi/lib/thumb/v6-m/nofp\libnosys.a
END GROUP
                0x00001000                STACK_SIZE = 0x1000
START GROUP
LOAD c:/cypress/arm_10_2021_10/bin/../lib/gcc/arm-none-eabi/10.3.1/thumb/v6-m/nofp\libgcc.a
LOAD c:/cypress/arm_10_2021_10/bin/../lib/gcc/arm-none-eabi/10.3.1/../../../../arm-none-eabi/lib/thumb/v6-m/nofp\libc.a
LOAD c:/cypress/arm_10_2021_10/bin/../lib/gcc/arm-none-eabi/10.3.1/../../../../arm-none-eabi/lib/thumb/v6-m/nofp\libm.a
LOAD c:/cypress/arm_10_2021_10/bin/../lib/gcc/arm-none-eabi/10.3.1/../../../../arm-none-eabi/lib/thumb/v6-m/nofp\libnosys.a
END GROUP

.cy_app_header
 *(.cy_app_header)

.text           0x10000000     0x1480
                0x10000000                . = ALIGN (0x4)
                0x10000000                __Vectors = .
 *(.vectors)
 .vectors       0x10000000       0x80 out/startup_psoc6_02_cm0plus.o
                0x10000080                . = ALIGN (0x4)
                0x10000080                __Vectors_End = .
                0x10000080                __Vectors_Size = (__Vectors_End - __Vectors)
                0x080002e0                __end__ = .
                0x10000080                . = ALIGN (0x4)
 *(.text*)
 .text          0x10000080       0x48 c:/cypress/arm_10_2021_10/bin/../lib/gcc/arm-none-eabi/10.3.1/thumb/v6-m/nofp/crtbegin.o
 .text.Cy_PDL_Init
                0x100000c8        0xc out/cy_device.o
                0x100000c8                Cy_PDL_Init
 .text.Cy_IPC_Pipe_Config
                0x100000d4       0x14 out/cy_ipc_pipe.o
                0x100000d4                Cy_IPC_Pipe_Config
 .text.Cy_IPC_Pipe_EndpointInit
                0x100000e8       0x9c out/cy_ipc_pipe.o
                0x100000e8                Cy_IPC_Pipe_EndpointInit
 .text.Cy_IPC_Pipe_Init
                0x10000184       0x9c out/cy_ipc_pipe.o
                0x10000184                Cy_IPC_Pipe_Init
 .text.Cy_IPC_Pipe_ExecCallback
                0x10000220       0xb8 out/cy_ipc_pipe.o
                0x10000220                Cy_IPC_Pipe_ExecCallback
 .text.Cy_IPC_Pipe_ExecuteCallback
                0x100002d8       0x24 out/cy_ipc_pipe.o
                0x100002d8                Cy_IPC_Pipe_ExecuteCallback
 .text.Cy_IPC_Drv_LockRelease
                0x100002fc       0x2c out/cy_ipc_drv.o
                0x100002fc                Cy_IPC_Drv_LockRelease
 .text.Cy_IPC_Drv_SendMsgWord
                0x10000328       0x20 out/cy_ipc_drv.o
                0x10000328                Cy_IPC_Drv_SendMsgWord
 .text.Cy_IPC_Drv_ReadMsgWord
                0x10000348       0x2c out/cy_ipc_drv.o
                0x10000348                Cy_IPC_Drv_ReadMsgWord
 .text.Cy_IPC_Sema_InitExt
                0x10000374       0x8c out/cy_ipc_sema.o
                0x10000374                Cy_IPC_Sema_InitExt
 .text.Cy_IPC_Sema_Init
                0x10000400       0x5c out/cy_ipc_sema.o
                0x10000400                Cy_IPC_Sema_Init
 .text.Cy_WDT_Unlock
                0x1000045c       0x24 out/cy_wdt.o
                0x1000045c                Cy_WDT_Unlock
 .text.Cy_SysInt_SetInterruptSource
                0x10000480       0x6c out/cy_sysint.o
                0x10000480                Cy_SysInt_SetInterruptSource
 .text.Cy_SysInt_SetVector
                0x100004ec       0x34 out/cy_sysint.o
                0x100004ec                Cy_SysInt_SetVector
 .text.Cy_SysInt_Init
                0x10000520       0xc4 out/cy_sysint.o
                0x10000520                Cy_SysInt_Init
 .text.Cy_SysClk_ClkSlowGetDivider
                0x100005e4       0x18 out/cy_sysclk.o
                0x100005e4                Cy_SysClk_ClkSlowGetDivider
 .text.Cy_SysClk_ClkPeriGetDivider
                0x100005fc       0x18 out/cy_sysclk.o
                0x100005fc                Cy_SysClk_ClkPeriGetDivider
 .text.Cy_SysClk_ClkHfGetSource
                0x10000614       0x24 out/cy_sysclk.o
                0x10000614                Cy_SysClk_ClkHfGetSource
 .text.Cy_SysClk_ClkHfGetDivider
                0x10000638       0x28 out/cy_sysclk.o
                0x10000638                Cy_SysClk_ClkHfGetDivider
 .text.Cy_SysClk_WcoOkay
                0x10000660       0x14 out/cy_sysclk.o
                0x10000660                Cy_SysClk_WcoOkay
 .text.Cy_SysClk_AltHfGetFrequency
                0x10000674        0x4 out/cy_sysclk.o
                0x10000674                Cy_SysClk_AltHfGetFrequency
 .text.Cy_SysClk_AltLfGetFrequency
                0x10000678        0x4 out/cy_sysclk.o
                0x10000678                Cy_SysClk_AltLfGetFrequency
 .text.Cy_SysClk_ExtClkGetFrequency
                0x1000067c        0xc out/cy_sysclk.o
                0x1000067c                Cy_SysClk_ExtClkGetFrequency
 .text.Cy_SysClk_EcoGetStatus
                0x10000688       0x28 out/cy_sysclk.o
                0x10000688                Cy_SysClk_EcoGetStatus
 .text.Cy_SysClk_EcoGetFrequency
                0x100006b0       0x18 out/cy_sysclk.o
                0x100006b0                Cy_SysClk_EcoGetFrequency
 .text.Cy_SysClk_ClkPathGetSource
                0x100006c8       0x3c out/cy_sysclk.o
                0x100006c8                Cy_SysClk_ClkPathGetSource
 .text.Cy_SysClk_ClkPathMuxGetFrequency
                0x10000704       0xc0 out/cy_sysclk.o
                0x10000704                Cy_SysClk_ClkPathMuxGetFrequency
 .text.Cy_SysClk_FllIsEnabled
                0x100007c4       0x10 out/cy_sysclk.o
                0x100007c4                Cy_SysClk_FllIsEnabled
 .text.Cy_SysClk_FllGetConfiguration
                0x100007d4       0x7c out/cy_sysclk.o
                0x100007d4                Cy_SysClk_FllGetConfiguration
 .text.Cy_SysClk_PllIsEnabled
                0x10000850       0x28 out/cy_sysclk.o
                0x10000850                Cy_SysClk_PllIsEnabled
 .text.Cy_SysClk_PllGetConfiguration
                0x10000878       0x54 out/cy_sysclk.o
                0x10000878                Cy_SysClk_PllGetConfiguration
 .text.Cy_SysClk_FllGetFrequency
                0x100008cc       0x86 out/cy_sysclk.o
                0x100008cc                Cy_SysClk_FllGetFrequency
 *fill*         0x10000952        0x2 
 .text.Cy_SysClk_PllGetFrequency
                0x10000954       0xc4 out/cy_sysclk.o
                0x10000954                Cy_SysClk_PllGetFrequency
 .text.Cy_SysClk_ClkPathGetFrequency
                0x10000a18       0x40 out/cy_sysclk.o
                0x10000a18                Cy_SysClk_ClkPathGetFrequency
 .text.Cy_SysClk_ClkHfGetFrequency
                0x10000a58       0x20 out/cy_sysclk.o
                0x10000a58                Cy_SysClk_ClkHfGetFrequency
 .text.Cy_SysIpcPipeIsrCm0
                0x10000a78        0xa out/system_psoc6_cm0plus.o
                0x10000a78                Cy_SysIpcPipeIsrCm0
 .text.Cy_SystemInit
                0x10000a82        0x2 out/system_psoc6_cm0plus.o
                0x10000a82                Cy_SystemInit
 .text.SystemCoreClockUpdate
                0x10000a84       0x7c out/system_psoc6_cm0plus.o
                0x10000a84                SystemCoreClockUpdate
 .text.SystemInit
                0x10000b00       0xb4 out/system_psoc6_cm0plus.o
                0x10000b00                SystemInit
 .text          0x10000bb4       0x80 out/startup_psoc6_02_cm0plus.o
                0x10000bb4                Cy_OnResetUser
                0x10000bb6                Reset_Handler
                0x10000c14                Internal4_IRQHandler
                0x10000c14                PendSV_Handler
                0x10000c14                NMI_Handler
                0x10000c14                SysTick_Handler
                0x10000c14                Internal3_IRQHandler
                0x10000c14                Internal6_IRQHandler
                0x10000c14                NvicMux0_IRQHandler
                0x10000c14                Internal7_IRQHandler
                0x10000c14                NvicMux6_IRQHandler
                0x10000c14                NvicMux7_IRQHandler
                0x10000c14                Internal5_IRQHandler
                0x10000c14                NvicMux2_IRQHandler
                0x10000c14                Internal0_IRQHandler
                0x10000c14                NvicMux4_IRQHandler
                0x10000c14                Default_Handler
                0x10000c14                NvicMux5_IRQHandler
                0x10000c14                NvicMux3_IRQHandler
                0x10000c14                Internal1_IRQHandler
                0x10000c14                SVC_Handler
                0x10000c14                NvicMux1_IRQHandler
                0x10000c14                Internal2_IRQHandler
                0x10000c18                HardFault_Handler
 .text.Cy_GPIO_SetHSIOM
                0x10000c34       0x58 out/cy_gpio.o
                0x10000c34                Cy_GPIO_SetHSIOM
 .text.Cy_GPIO_Write
                0x10000c8c       0x1c out/cy_gpio.o
                0x10000c8c                Cy_GPIO_Write
 .text.Cy_GPIO_Inv
                0x10000ca8        0xe out/cy_gpio.o
                0x10000ca8                Cy_GPIO_Inv
 *fill*         0x10000cb6        0x2 
 .text.Cy_GPIO_SetDrivemode
                0x10000cb8       0x40 out/cy_gpio.o
                0x10000cb8                Cy_GPIO_SetDrivemode
 .text.Cy_GPIO_SetVtrip
                0x10000cf8       0x34 out/cy_gpio.o
                0x10000cf8                Cy_GPIO_SetVtrip
 .text.Cy_GPIO_SetInterruptMask
                0x10000d2c       0x22 out/cy_gpio.o
                0x10000d2c                Cy_GPIO_SetInterruptMask
 *fill*         0x10000d4e        0x2 
 .text.Cy_GPIO_SetInterruptEdge
                0x10000d50       0x34 out/cy_gpio.o
                0x10000d50                Cy_GPIO_SetInterruptEdge
 .text.Cy_GPIO_Pin_Init
                0x10000d84      0x188 out/cy_gpio.o
                0x10000d84                Cy_GPIO_Pin_Init
 .text.Cy_SysLib_Delay
                0x10000f0c       0x34 out/cy_syslib.o
                0x10000f0c                Cy_SysLib_Delay
 .text.Cy_SysLib_ProcessingFault
                0x10000f40        0x2 out/cy_syslib.o
                0x10000f40                Cy_SysLib_ProcessingFault
 *fill*         0x10000f42        0x2 
 .text.Cy_SysLib_FaultHandler
                0x10000f44       0x30 out/cy_syslib.o
                0x10000f44                Cy_SysLib_FaultHandler
 *fill*         0x10000f74        0x4 
 .text          0x10000f78       0x20 out/cy_syslib_gcc.o
                0x10000f78                Cy_SysLib_DelayCycles
                0x10000f8a                Cy_SysLib_EnterCriticalSection
                0x10000f92                Cy_SysLib_ExitCriticalSection
 .text.main     0x10000f98       0x28 out/main.o
                0x10000f98                main
 .text          0x10000fc0      0x114 c:/cypress/arm_10_2021_10/bin/../lib/gcc/arm-none-eabi/10.3.1/thumb/v6-m/nofp\libgcc.a(_udivsi3.o)
                0x10000fc0                __aeabi_uidiv
                0x10000fc0                __udivsi3
                0x100010cc                __aeabi_uidivmod
 .text          0x100010d4        0x4 c:/cypress/arm_10_2021_10/bin/../lib/gcc/arm-none-eabi/10.3.1/thumb/v6-m/nofp\libgcc.a(_dvmd_tls.o)
                0x100010d4                __aeabi_idiv0
                0x100010d4                __aeabi_ldiv0
 .text          0x100010d8       0x40 c:/cypress/arm_10_2021_10/bin/../lib/gcc/arm-none-eabi/10.3.1/thumb/v6-m/nofp\libgcc.a(_aeabi_uldivmod.o)
                0x100010d8                __aeabi_uldivmod
 .text          0x10001118       0x5c c:/cypress/arm_10_2021_10/bin/../lib/gcc/arm-none-eabi/10.3.1/thumb/v6-m/nofp\libgcc.a(_muldi3.o)
                0x10001118                __muldi3
                0x10001118                __aeabi_lmul
 .text          0x10001174      0x198 c:/cypress/arm_10_2021_10/bin/../lib/gcc/arm-none-eabi/10.3.1/thumb/v6-m/nofp\libgcc.a(_udivmoddi4.o)
                0x10001174                __udivmoddi4
 .text          0x1000130c       0x18 c:/cypress/arm_10_2021_10/bin/../lib/gcc/arm-none-eabi/10.3.1/thumb/v6-m/nofp\libgcc.a(_clzdi2.o)
                0x1000130c                __clzdi2
 .text          0x10001324       0x3c c:/cypress/arm_10_2021_10/bin/../lib/gcc/arm-none-eabi/10.3.1/thumb/v6-m/nofp\libgcc.a(_clzsi2.o)
                0x10001324                __clzsi2
 .text.memset   0x10001360       0x10 c:/cypress/arm_10_2021_10/bin/../lib/gcc/arm-none-eabi/10.3.1/../../../../arm-none-eabi/lib/thumb/v6-m/nofp\libg_nano.a(lib_a-memset.o)
                0x10001360                memset
 *(.init)
 .init          0x10001370        0x4 c:/cypress/arm_10_2021_10/bin/../lib/gcc/arm-none-eabi/10.3.1/thumb/v6-m/nofp/crti.o
                0x10001370                _init
 .init          0x10001374        0x8 c:/cypress/arm_10_2021_10/bin/../lib/gcc/arm-none-eabi/10.3.1/thumb/v6-m/nofp/crtn.o
 *(.fini)
 .fini          0x1000137c        0x4 c:/cypress/arm_10_2021_10/bin/../lib/gcc/arm-none-eabi/10.3.1/thumb/v6-m/nofp/crti.o
                0x1000137c                _fini
 .fini          0x10001380        0x8 c:/cypress/arm_10_2021_10/bin/../lib/gcc/arm-none-eabi/10.3.1/thumb/v6-m/nofp/crtn.o
 *crtbegin.o(.ctors)
 *crtbegin?.o(.ctors)
 *(EXCLUDE_FILE(*crtend.o *crtend?.o) .ctors)
 *(SORT_BY_NAME(.ctors.*))
 *(.ctors)
 *crtbegin.o(.dtors)
 *crtbegin?.o(.dtors)
 *(EXCLUDE_FILE(*crtend.o *crtend?.o) .dtors)
 *(SORT_BY_NAME(.dtors.*))
 *(.dtors)
 *(.rodata .rodata.* .constdata .constdata.* .conststring .conststring.*)
 .rodata.cy_deviceIpBlockCfgPSoC6_02
                0x10001388       0xc0 out/cy_device.o
                0x10001388                cy_deviceIpBlockCfgPSoC6_02
 .rodata.systemIpcPipeConfigCm0.1
                0x10001448       0x34 out/system_psoc6_cm0plus.o
 *(.eh_frame*)
 .eh_frame      0x1000147c        0x0 c:/cypress/arm_10_2021_10/bin/../lib/gcc/arm-none-eabi/10.3.1/thumb/v6-m/nofp/crtbegin.o
 .eh_frame      0x1000147c        0x4 c:/cypress/arm_10_2021_10/bin/../lib/gcc/arm-none-eabi/10.3.1/thumb/v6-m/nofp/crtend.o

.glue_7         0x10001480        0x0
 .glue_7        0x10001480        0x0 linker stubs

.glue_7t        0x10001480        0x0
 .glue_7t       0x10001480        0x0 linker stubs

.vfp11_veneer   0x10001480        0x0
 .vfp11_veneer  0x10001480        0x0 linker stubs

.v4_bx          0x10001480        0x0
 .v4_bx         0x10001480        0x0 linker stubs

.iplt           0x10001480        0x0
 .iplt          0x10001480        0x0 c:/cypress/arm_10_2021_10/bin/../lib/gcc/arm-none-eabi/10.3.1/thumb/v6-m/nofp/crtbegin.o

.ARM.extab
 *(.ARM.extab* .gnu.linkonce.armextab.*)
                0x10001480                __exidx_start = .

.ARM.exidx      0x10001480        0x8
 *(.ARM.exidx* .gnu.linkonce.armexidx.*)
 .ARM.exidx     0x10001480        0x8 c:/cypress/arm_10_2021_10/bin/../lib/gcc/arm-none-eabi/10.3.1/thumb/v6-m/nofp\libgcc.a(_udivmoddi4.o)
                0x10001488                __exidx_end = .

.rel.dyn        0x10001488        0x0
 .rel.iplt      0x10001488        0x0 c:/cypress/arm_10_2021_10/bin/../lib/gcc/arm-none-eabi/10.3.1/thumb/v6-m/nofp/crtbegin.o

.copy.table     0x10001488       0x18
                0x10001488                . = ALIGN (0x4)
                0x10001488                __copy_table_start__ = .
                0x10001488        0x4 LONG 0x10000000 __Vectors
                0x1000148c        0x4 LONG 0x8000000 __ram_vectors_start__
                0x10001490        0x4 LONG 0x80 (__Vectors_End - __Vectors)
                0x10001494        0x4 LONG 0x100014a8 __etext
                0x10001498        0x4 LONG 0x8000080 __data_start__
                0x1000149c        0x4 LONG 0x54 (__data_end__ - __data_start__)
                0x100014a0                __copy_table_end__ = .

.zero.table     0x100014a0        0x8
                0x100014a0                . = ALIGN (0x4)
                0x100014a0                __zero_table_start__ = .
                0x100014a0        0x4 LONG 0x800012c __bss_start__
                0x100014a4        0x4 LONG 0x1b0 (__bss_end__ - __bss_start__)
                0x100014a8                __zero_table_end__ = .
                0x100014a8                __etext = .

.ramVectors     0x08000000       0x80
                0x08000000                __ram_vectors_start__ = .
 *(.ram_vectors)
 .ram_vectors   0x08000000       0x80 out/startup_psoc6_02_cm0plus.o
                0x08000000                __ramVectors
                0x08000080                __ram_vectors_end__ = .

.data           0x08000080       0x54 load address 0x100014a8
                0x08000080                . = ALIGN (0x4)
                0x08000080                __data_start__ = .
 *(vtable)
 *(.data*)
 .data.SystemCoreClock
                0x08000080        0x4 out/system_psoc6_cm0plus.o
                0x08000080                SystemCoreClock
 .data.cy_Hfclk0FreqHz
                0x08000084        0x4 out/system_psoc6_cm0plus.o
                0x08000084                cy_Hfclk0FreqHz
 .data.cy_PeriClkFreqHz
                0x08000088        0x4 out/system_psoc6_cm0plus.o
                0x08000088                cy_PeriClkFreqHz
 .data.cy_delay32kMs
                0x0800008c        0x4 out/system_psoc6_cm0plus.o
                0x0800008c                cy_delay32kMs
 .data.cy_delayFreqKhz
                0x08000090        0x4 out/system_psoc6_cm0plus.o
                0x08000090                cy_delayFreqKhz
 .data.cy_delayFreqMhz
                0x08000094        0x1 out/system_psoc6_cm0plus.o
                0x08000094                cy_delayFreqMhz
 *fill*         0x08000095        0x3 
 .data.pinConfig
                0x08000098       0x34 out/main.o
                0x08000098                pinConfig
                0x080000cc                . = ALIGN (0x4)
                0x080000cc                PROVIDE (__preinit_array_start = .)
 *(.preinit_array)
                0x080000cc                PROVIDE (__preinit_array_end = .)
                0x080000cc                . = ALIGN (0x4)
                0x080000cc                PROVIDE (__init_array_start = .)
 *(SORT_BY_NAME(.init_array.*))
 *(.init_array)
 .init_array    0x080000cc        0x4 c:/cypress/arm_10_2021_10/bin/../lib/gcc/arm-none-eabi/10.3.1/thumb/v6-m/nofp/crtbegin.o
                0x080000d0                PROVIDE (__init_array_end = .)
                0x080000d0                . = ALIGN (0x4)
                [!provide]                PROVIDE (__fini_array_start = .)
 *(SORT_BY_NAME(.fini_array.*))
 *(.fini_array)
 .fini_array    0x080000d0        0x4 c:/cypress/arm_10_2021_10/bin/../lib/gcc/arm-none-eabi/10.3.1/thumb/v6-m/nofp/crtbegin.o
                [!provide]                PROVIDE (__fini_array_end = .)
 *(.jcr*)
                0x080000d4                . = ALIGN (0x4)
 *(.cy_ramfunc*)
                0x080000d4                . = ALIGN (0x4)
                0x080000d4                __data_end__ = .

.igot.plt       0x080000d4        0x0 load address 0x100014fc
 .igot.plt      0x080000d4        0x0 c:/cypress/arm_10_2021_10/bin/../lib/gcc/arm-none-eabi/10.3.1/thumb/v6-m/nofp/crtbegin.o

.cy_sharedmem   0x080000d4       0x18 load address 0x100014fc
 .cy_sharedmem  0x080000d4        0x8 out/cy_ipc_sema.o
 .cy_sharedmem  0x080000dc       0x10 out/system_psoc6_cm0plus.o

.noinit         0x080000f0       0x3c load address 0x10001518
 *(.noinit)
 .noinit        0x080000f0       0x3c out/cy_syslib.o
                0x080000f0                cy_assertFileName
                0x08000108                cy_assertLine
                0x0800010c                cy_faultFrame

.bss            0x0800012c      0x1b0 load address 0x10001514
                0x0800012c                . = ALIGN (0x4)
                0x0800012c                __bss_start__ = .
 *(.bss*)
 .bss           0x0800012c       0x1c c:/cypress/arm_10_2021_10/bin/../lib/gcc/arm-none-eabi/10.3.1/thumb/v6-m/nofp/crtbegin.o
 .bss.cy_device
                0x08000148        0x4 out/cy_device.o
                0x08000148                cy_device
 .bss.cy_ipc_pipe_epArray
                0x0800014c        0x4 out/cy_ipc_pipe.o
 .bss.cy_semaIpcStruct
                0x08000150        0x4 out/cy_ipc_sema.o
 .bss.cySysClkExtFreq
                0x08000154        0x4 out/cy_sysclk.o
 .bss.ecoFrequency
                0x08000158        0x4 out/cy_sysclk.o
 .bss.systemIpcPipeEpArray.2
                0x0800015c      0x160 out/system_psoc6_cm0plus.o
 .bss.systemIpcPipeSysCbArray.0
                0x080002bc       0x20 out/system_psoc6_cm0plus.o
 *(COMMON)
                0x080002dc                . = ALIGN (0x4)
                0x080002dc                __bss_end__ = .

.heap           0x080002e0      0xd20 load address 0x10001514
                0x080002e0                __HeapBase = .
                0x080002e0                __end__ = .
                0x080002e0                end = __end__
 *(.heap*)
 .heap          0x080002e0      0x400 out/startup_psoc6_02_cm0plus.o
                0x08001000                . = ((ORIGIN (ram) + LENGTH (ram)) - STACK_SIZE)
 *fill*         0x080006e0      0x920 
                0x08001000                __HeapLimit = .

.stack_dummy    0x08001000     0x1000 load address 0x10001514
 *(.stack*)
 .stack         0x08001000     0x1000 out/startup_psoc6_02_cm0plus.o
                0x08002000                __StackTop = (ORIGIN (ram) + LENGTH (ram))
                0x08001000                __StackLimit = (__StackTop - SIZEOF (.stack_dummy))
                0x08002000                PROVIDE (__stack = __StackTop)
                0x00000001                ASSERT ((__StackLimit >= __HeapLimit), region RAM overflowed with stack)

.cy_em_eeprom
 *(.cy_em_eeprom)

.cy_sflash_user_data
 *(.cy_sflash_user_data)

.cy_sflash_nar
 *(.cy_sflash_nar)

.cy_sflash_public_key
 *(.cy_sflash_public_key)

.cy_toc_part2
 *(.cy_toc_part2)

.cy_rtoc_part2
 *(.cy_rtoc_part2)

cy_xip          0x18000000        0x0
                0x18000000                __cy_xip_start = .
 *(.cy_xip)
                0x18000000                __cy_xip_end = .

.cy_efuse
 *(.cy_efuse)

.cymeta
 *(.cymeta)
                0x10000000                __cy_memory_0_start = 0x10000000
                0x00200000                __cy_memory_0_length = 0x200000
                0x00000200                __cy_memory_0_row_size = 0x200
                0x14000000                __cy_memory_1_start = 0x14000000
                0x00008000                __cy_memory_1_length = 0x8000
                0x00000200                __cy_memory_1_row_size = 0x200
                0x16000000                __cy_memory_2_start = 0x16000000
                0x00008000                __cy_memory_2_length = 0x8000
                0x00000200                __cy_memory_2_row_size = 0x200
                0x18000000                __cy_memory_3_start = 0x18000000
                0x08000000                __cy_memory_3_length = 0x8000000
                0x00000200                __cy_memory_3_row_size = 0x200
                0x90700000                __cy_memory_4_start = 0x90700000
                0x00100000                __cy_memory_4_length = 0x100000
                0x00000001                __cy_memory_4_row_size = 0x1
OUTPUT(out/psoc6_cm0.elf elf32-littlearm)
LOAD linker stubs

.ARM.attributes
                0x00000000       0x28
 .ARM.attributes
                0x00000000       0x1e c:/cypress/arm_10_2021_10/bin/../lib/gcc/arm-none-eabi/10.3.1/thumb/v6-m/nofp/crti.o
 .ARM.attributes
                0x0000001e       0x2c c:/cypress/arm_10_2021_10/bin/../lib/gcc/arm-none-eabi/10.3.1/thumb/v6-m/nofp/crtbegin.o
 .ARM.attributes
                0x0000004a       0x2c out/cy_device.o
 .ARM.attributes
                0x00000076       0x2c out/cy_ipc_pipe.o
 .ARM.attributes
                0x000000a2       0x2c out/cy_ipc_drv.o
 .ARM.attributes
                0x000000ce       0x2c out/cy_ipc_sema.o
 .ARM.attributes
                0x000000fa       0x2c out/cy_wdt.o
 .ARM.attributes
                0x00000126       0x2c out/cy_sysint.o
 .ARM.attributes
                0x00000152       0x2c out/cy_sysclk.o
 .ARM.attributes
                0x0000017e       0x2c out/system_psoc6_cm0plus.o
 .ARM.attributes
                0x000001aa       0x1b out/startup_psoc6_02_cm0plus.o
 .ARM.attributes
                0x000001c5       0x2c out/cy_gpio.o
 .ARM.attributes
                0x000001f1       0x2c out/cy_syslib.o
 .ARM.attributes
                0x0000021d       0x1c out/cy_syslib_gcc.o
 .ARM.attributes
                0x00000239       0x2c out/main.o
 .ARM.attributes
                0x00000265       0x1e c:/cypress/arm_10_2021_10/bin/../lib/gcc/arm-none-eabi/10.3.1/thumb/v6-m/nofp\libgcc.a(_udivsi3.o)
 .ARM.attributes
                0x00000283       0x1e c:/cypress/arm_10_2021_10/bin/../lib/gcc/arm-none-eabi/10.3.1/thumb/v6-m/nofp\libgcc.a(_dvmd_tls.o)
 .ARM.attributes
                0x000002a1       0x1e c:/cypress/arm_10_2021_10/bin/../lib/gcc/arm-none-eabi/10.3.1/thumb/v6-m/nofp\libgcc.a(_aeabi_uldivmod.o)
 .ARM.attributes
                0x000002bf       0x2c c:/cypress/arm_10_2021_10/bin/../lib/gcc/arm-none-eabi/10.3.1/thumb/v6-m/nofp\libgcc.a(_muldi3.o)
 .ARM.attributes
                0x000002eb       0x2c c:/cypress/arm_10_2021_10/bin/../lib/gcc/arm-none-eabi/10.3.1/thumb/v6-m/nofp\libgcc.a(_udivmoddi4.o)
 .ARM.attributes
                0x00000317       0x1e c:/cypress/arm_10_2021_10/bin/../lib/gcc/arm-none-eabi/10.3.1/thumb/v6-m/nofp\libgcc.a(_clzdi2.o)
 .ARM.attributes
                0x00000335       0x1e c:/cypress/arm_10_2021_10/bin/../lib/gcc/arm-none-eabi/10.3.1/thumb/v6-m/nofp\libgcc.a(_clzsi2.o)
 .ARM.attributes
                0x00000353       0x2c c:/cypress/arm_10_2021_10/bin/../lib/gcc/arm-none-eabi/10.3.1/../../../../arm-none-eabi/lib/thumb/v6-m/nofp\libg_nano.a(lib_a-memset.o)
 .ARM.attributes
                0x0000037f       0x2c c:/cypress/arm_10_2021_10/bin/../lib/gcc/arm-none-eabi/10.3.1/thumb/v6-m/nofp/crtend.o
 .ARM.attributes
                0x000003ab       0x1e c:/cypress/arm_10_2021_10/bin/../lib/gcc/arm-none-eabi/10.3.1/thumb/v6-m/nofp/crtn.o

.comment        0x00000000       0x49
 .comment       0x00000000       0x49 out/cy_device.o
                                 0x4a (size before relaxing)
 .comment       0x00000049       0x4a out/cy_ipc_pipe.o
 .comment       0x00000049       0x4a out/cy_ipc_drv.o
 .comment       0x00000049       0x4a out/cy_ipc_sema.o
 .comment       0x00000049       0x4a out/cy_wdt.o
 .comment       0x00000049       0x4a out/cy_sysint.o
 .comment       0x00000049       0x4a out/cy_sysclk.o
 .comment       0x00000049       0x4a out/system_psoc6_cm0plus.o
 .comment       0x00000049       0x4a out/cy_gpio.o
 .comment       0x00000049       0x4a out/cy_syslib.o
 .comment       0x00000049       0x4a out/main.o

.debug_info     0x00000000    0x15505
 .debug_info    0x00000000      0x654 out/cy_device.o
 .debug_info    0x00000654     0x1c59 out/cy_ipc_pipe.o
 .debug_info    0x000022ad      0xc55 out/cy_ipc_drv.o
 .debug_info    0x00002f02      0xdb4 out/cy_ipc_sema.o
 .debug_info    0x00003cb6      0x865 out/cy_wdt.o
 .debug_info    0x0000451b     0x201a out/cy_sysint.o
 .debug_info    0x00006535     0x4258 out/cy_sysclk.o
 .debug_info    0x0000a78d     0x1b9d out/system_psoc6_cm0plus.o
 .debug_info    0x0000c32a       0x26 out/startup_psoc6_02_cm0plus.o
 .debug_info    0x0000c350     0x4614 out/cy_gpio.o
 .debug_info    0x00010964     0x2451 out/cy_syslib.o
 .debug_info    0x00012db5       0x26 out/cy_syslib_gcc.o
 .debug_info    0x00012ddb     0x272a out/main.o

.debug_abbrev   0x00000000     0x1c44
 .debug_abbrev  0x00000000       0xc5 out/cy_device.o
 .debug_abbrev  0x000000c5      0x3a5 out/cy_ipc_pipe.o
 .debug_abbrev  0x0000046a      0x23d out/cy_ipc_drv.o
 .debug_abbrev  0x000006a7      0x27f out/cy_ipc_sema.o
 .debug_abbrev  0x00000926      0x173 out/cy_wdt.o
 .debug_abbrev  0x00000a99      0x328 out/cy_sysint.o
 .debug_abbrev  0x00000dc1      0x3ba out/cy_sysclk.o
 .debug_abbrev  0x0000117b      0x2a1 out/system_psoc6_cm0plus.o
 .debug_abbrev  0x0000141c       0x14 out/startup_psoc6_02_cm0plus.o
 .debug_abbrev  0x00001430      0x27b out/cy_gpio.o
 .debug_abbrev  0x000016ab      0x3ee out/cy_syslib.o
 .debug_abbrev  0x00001a99       0x14 out/cy_syslib_gcc.o
 .debug_abbrev  0x00001aad      0x197 out/main.o

.debug_aranges  0x00000000      0x820
 .debug_aranges
                0x00000000       0x20 out/cy_device.o
 .debug_aranges
                0x00000020       0x68 out/cy_ipc_pipe.o
 .debug_aranges
                0x00000088       0x40 out/cy_ipc_drv.o
 .debug_aranges
                0x000000c8       0x48 out/cy_ipc_sema.o
 .debug_aranges
                0x00000110       0x58 out/cy_wdt.o
 .debug_aranges
                0x00000168       0x68 out/cy_sysint.o
 .debug_aranges
                0x000001d0      0x388 out/cy_sysclk.o
 .debug_aranges
                0x00000558       0x60 out/system_psoc6_cm0plus.o
 .debug_aranges
                0x000005b8       0x20 out/startup_psoc6_02_cm0plus.o
 .debug_aranges
                0x000005d8      0x168 out/cy_gpio.o
 .debug_aranges
                0x00000740       0xa0 out/cy_syslib.o
 .debug_aranges
                0x000007e0       0x20 out/cy_syslib_gcc.o
 .debug_aranges
                0x00000800       0x20 out/main.o

.debug_ranges   0x00000000      0x878
 .debug_ranges  0x00000000       0x10 out/cy_device.o
 .debug_ranges  0x00000010       0x58 out/cy_ipc_pipe.o
 .debug_ranges  0x00000068       0x30 out/cy_ipc_drv.o
 .debug_ranges  0x00000098       0x38 out/cy_ipc_sema.o
 .debug_ranges  0x000000d0       0x48 out/cy_wdt.o
 .debug_ranges  0x00000118       0x70 out/cy_sysint.o
 .debug_ranges  0x00000188      0x478 out/cy_sysclk.o
 .debug_ranges  0x00000600       0x50 out/system_psoc6_cm0plus.o
 .debug_ranges  0x00000650      0x158 out/cy_gpio.o
 .debug_ranges  0x000007a8       0xc0 out/cy_syslib.o
 .debug_ranges  0x00000868       0x10 out/main.o

.debug_line     0x00000000     0x836e
 .debug_line    0x00000000      0x14f out/cy_device.o
 .debug_line    0x0000014f      0xc72 out/cy_ipc_pipe.o
 .debug_line    0x00000dc1      0x4f8 out/cy_ipc_drv.o
 .debug_line    0x000012b9      0x5fb out/cy_ipc_sema.o
 .debug_line    0x000018b4      0x35e out/cy_wdt.o
 .debug_line    0x00001c12      0x6b0 out/cy_sysint.o
 .debug_line    0x000022c2     0x30ba out/cy_sysclk.o
 .debug_line    0x0000537c      0x61e out/system_psoc6_cm0plus.o
 .debug_line    0x0000599a       0xf2 out/startup_psoc6_02_cm0plus.o
 .debug_line    0x00005a8c     0x1e33 out/cy_gpio.o
 .debug_line    0x000078bf      0x7e5 out/cy_syslib.o
 .debug_line    0x000080a4       0x84 out/cy_syslib_gcc.o
 .debug_line    0x00008128      0x246 out/main.o

.debug_str      0x00000000     0xd390
 .debug_str     0x00000000      0x7f7 out/cy_device.o
                                0x854 (size before relaxing)
 .debug_str     0x000007f7     0x1c9c out/cy_ipc_pipe.o
                               0x247c (size before relaxing)
 .debug_str     0x00002493      0x10e out/cy_ipc_drv.o
                                0xa04 (size before relaxing)
 .debug_str     0x000025a1      0x29c out/cy_ipc_sema.o
                                0xbdf (size before relaxing)
 .debug_str     0x0000283d      0x4fb out/cy_wdt.o
                                0x6e4 (size before relaxing)
 .debug_str     0x00002d38      0x7bf out/cy_sysint.o
                               0x2434 (size before relaxing)
 .debug_str     0x000034f7     0x2668 out/cy_sysclk.o
                               0x33f7 (size before relaxing)
 .debug_str     0x00005b5f      0x203 out/system_psoc6_cm0plus.o
                               0x1738 (size before relaxing)
 .debug_str     0x00005d62       0xd3 out/startup_psoc6_02_cm0plus.o
 .debug_str     0x00005e35     0x68b0 out/cy_gpio.o
                               0x70ce (size before relaxing)
 .debug_str     0x0000c6e5      0xbc0 out/cy_syslib.o
                               0x1c6e (size before relaxing)
 .debug_str     0x0000d2a5       0x44 out/cy_syslib_gcc.o
                                 0x98 (size before relaxing)
 .debug_str     0x0000d2e9       0xa7 out/main.o
                               0x6575 (size before relaxing)

.debug_frame    0x00000000     0x13b8
 .debug_frame   0x00000000       0x20 out/cy_device.o
 .debug_frame   0x00000020       0xfc out/cy_ipc_pipe.o
 .debug_frame   0x0000011c       0x60 out/cy_ipc_drv.o
 .debug_frame   0x0000017c       0xac out/cy_ipc_sema.o
 .debug_frame   0x00000228       0xb0 out/cy_wdt.o
 .debug_frame   0x000002d8       0xf0 out/cy_sysint.o
 .debug_frame   0x000003c8      0x948 out/cy_sysclk.o
 .debug_frame   0x00000d10       0xdc out/system_psoc6_cm0plus.o
 .debug_frame   0x00000dec      0x384 out/cy_gpio.o
 .debug_frame   0x00001170      0x170 out/cy_syslib.o
 .debug_frame   0x000012e0       0x28 out/main.o
 .debug_frame   0x00001308       0x20 c:/cypress/arm_10_2021_10/bin/../lib/gcc/arm-none-eabi/10.3.1/thumb/v6-m/nofp\libgcc.a(_udivsi3.o)
 .debug_frame   0x00001328       0x34 c:/cypress/arm_10_2021_10/bin/../lib/gcc/arm-none-eabi/10.3.1/thumb/v6-m/nofp\libgcc.a(_muldi3.o)
 .debug_frame   0x0000135c       0x3c c:/cypress/arm_10_2021_10/bin/../lib/gcc/arm-none-eabi/10.3.1/thumb/v6-m/nofp\libgcc.a(_udivmoddi4.o)
 .debug_frame   0x00001398       0x20 c:/cypress/arm_10_2021_10/bin/../lib/gcc/arm-none-eabi/10.3.1/../../../../arm-none-eabi/lib/thumb/v6-m/nofp\libg_nano.a(lib_a-memset.o)

.debug_loc      0x00000000     0x6ec4
 .debug_loc     0x00000000      0x87c out/cy_ipc_pipe.o
 .debug_loc     0x0000087c      0x49c out/cy_ipc_drv.o
 .debug_loc     0x00000d18      0x92f out/cy_ipc_sema.o
 .debug_loc     0x00001647       0x64 out/cy_wdt.o
 .debug_loc     0x000016ab      0x578 out/cy_sysint.o
 .debug_loc     0x00001c23     0x3a31 out/cy_sysclk.o
 .debug_loc     0x00005654      0x22f out/system_psoc6_cm0plus.o
 .debug_loc     0x00005883     0x13c9 out/cy_gpio.o
 .debug_loc     0x00006c4c      0x278 out/cy_syslib.o
