Archive member included to satisfy reference by file (symbol)

c:/infineon/tools/modustoolbox/tools_2.4/gcc/bin/../lib/gcc/arm-none-eabi/10.3.1/thumb/v7e-m/nofp\libgcc.a(_aeabi_uldivmod.o)
                              out/cy_sysclk.o (__aeabi_uldivmod)
c:/infineon/tools/modustoolbox/tools_2.4/gcc/bin/../lib/gcc/arm-none-eabi/10.3.1/thumb/v7e-m/nofp\libgcc.a(_udivmoddi4.o)
                              c:/infineon/tools/modustoolbox/tools_2.4/gcc/bin/../lib/gcc/arm-none-eabi/10.3.1/thumb/v7e-m/nofp\libgcc.a(_aeabi_uldivmod.o) (__udivmoddi4)
c:/infineon/tools/modustoolbox/tools_2.4/gcc/bin/../lib/gcc/arm-none-eabi/10.3.1/thumb/v7e-m/nofp\libgcc.a(_dvmd_tls.o)
                              c:/infineon/tools/modustoolbox/tools_2.4/gcc/bin/../lib/gcc/arm-none-eabi/10.3.1/thumb/v7e-m/nofp\libgcc.a(_aeabi_uldivmod.o) (__aeabi_ldiv0)
c:/infineon/tools/modustoolbox/tools_2.4/gcc/bin/../lib/gcc/arm-none-eabi/10.3.1/../../../../arm-none-eabi/lib/thumb/v7e-m/nofp\libg_nano.a(lib_a-exit.o)
                              c:/infineon/tools/modustoolbox/tools_2.4/gcc/bin/../lib/gcc/arm-none-eabi/10.3.1/../../../../arm-none-eabi/lib/thumb/v7e-m/nofp/crt0.o (exit)
c:/infineon/tools/modustoolbox/tools_2.4/gcc/bin/../lib/gcc/arm-none-eabi/10.3.1/../../../../arm-none-eabi/lib/thumb/v7e-m/nofp\libg_nano.a(lib_a-impure.o)
                              c:/infineon/tools/modustoolbox/tools_2.4/gcc/bin/../lib/gcc/arm-none-eabi/10.3.1/../../../../arm-none-eabi/lib/thumb/v7e-m/nofp\libg_nano.a(lib_a-exit.o) (_global_impure_ptr)
c:/infineon/tools/modustoolbox/tools_2.4/gcc/bin/../lib/gcc/arm-none-eabi/10.3.1/../../../../arm-none-eabi/lib/thumb/v7e-m/nofp\libg_nano.a(lib_a-init.o)
                              c:/infineon/tools/modustoolbox/tools_2.4/gcc/bin/../lib/gcc/arm-none-eabi/10.3.1/../../../../arm-none-eabi/lib/thumb/v7e-m/nofp/crt0.o (__libc_init_array)
c:/infineon/tools/modustoolbox/tools_2.4/gcc/bin/../lib/gcc/arm-none-eabi/10.3.1/../../../../arm-none-eabi/lib/thumb/v7e-m/nofp\libg_nano.a(lib_a-memset.o)
                              c:/infineon/tools/modustoolbox/tools_2.4/gcc/bin/../lib/gcc/arm-none-eabi/10.3.1/../../../../arm-none-eabi/lib/thumb/v7e-m/nofp/crt0.o (memset)
c:/infineon/tools/modustoolbox/tools_2.4/gcc/bin/../lib/gcc/arm-none-eabi/10.3.1/../../../../arm-none-eabi/lib/thumb/v7e-m/nofp\libg_nano.a(lib_a-strncpy.o)
                              out/cy_syslib.o (strncpy)
c:/infineon/tools/modustoolbox/tools_2.4/gcc/bin/../lib/gcc/arm-none-eabi/10.3.1/../../../../arm-none-eabi/lib/thumb/v7e-m/nofp\libnosys.a(_exit.o)
                              c:/infineon/tools/modustoolbox/tools_2.4/gcc/bin/../lib/gcc/arm-none-eabi/10.3.1/../../../../arm-none-eabi/lib/thumb/v7e-m/nofp\libg_nano.a(lib_a-exit.o) (_exit)

Discarded input sections

 .text          0x00000000        0x0 c:/infineon/tools/modustoolbox/tools_2.4/gcc/bin/../lib/gcc/arm-none-eabi/10.3.1/thumb/v7e-m/nofp/crti.o
 .data          0x00000000        0x0 c:/infineon/tools/modustoolbox/tools_2.4/gcc/bin/../lib/gcc/arm-none-eabi/10.3.1/thumb/v7e-m/nofp/crti.o
 .bss           0x00000000        0x0 c:/infineon/tools/modustoolbox/tools_2.4/gcc/bin/../lib/gcc/arm-none-eabi/10.3.1/thumb/v7e-m/nofp/crti.o
 .data          0x00000000        0x4 c:/infineon/tools/modustoolbox/tools_2.4/gcc/bin/../lib/gcc/arm-none-eabi/10.3.1/thumb/v7e-m/nofp/crtbegin.o
 .rodata        0x00000000       0x24 c:/infineon/tools/modustoolbox/tools_2.4/gcc/bin/../lib/gcc/arm-none-eabi/10.3.1/thumb/v7e-m/nofp/crtbegin.o
 .text          0x00000000       0x7c c:/infineon/tools/modustoolbox/tools_2.4/gcc/bin/../lib/gcc/arm-none-eabi/10.3.1/../../../../arm-none-eabi/lib/thumb/v7e-m/nofp/crt0.o
 .data          0x00000000        0x0 c:/infineon/tools/modustoolbox/tools_2.4/gcc/bin/../lib/gcc/arm-none-eabi/10.3.1/../../../../arm-none-eabi/lib/thumb/v7e-m/nofp/crt0.o
 .bss           0x00000000        0x0 c:/infineon/tools/modustoolbox/tools_2.4/gcc/bin/../lib/gcc/arm-none-eabi/10.3.1/../../../../arm-none-eabi/lib/thumb/v7e-m/nofp/crt0.o
 .ARM.extab     0x00000000        0x0 c:/infineon/tools/modustoolbox/tools_2.4/gcc/bin/../lib/gcc/arm-none-eabi/10.3.1/../../../../arm-none-eabi/lib/thumb/v7e-m/nofp/crt0.o
 .ARM.exidx     0x00000000       0x10 c:/infineon/tools/modustoolbox/tools_2.4/gcc/bin/../lib/gcc/arm-none-eabi/10.3.1/../../../../arm-none-eabi/lib/thumb/v7e-m/nofp/crt0.o
 .ARM.attributes
                0x00000000       0x1c c:/infineon/tools/modustoolbox/tools_2.4/gcc/bin/../lib/gcc/arm-none-eabi/10.3.1/../../../../arm-none-eabi/lib/thumb/v7e-m/nofp/crt0.o
 .text          0x00000000        0x0 out/cy_device.o
 .data          0x00000000        0x0 out/cy_device.o
 .bss           0x00000000        0x0 out/cy_device.o
 .rodata.cy_deviceIpBlockCfgPSoC6_01
                0x00000000       0xc0 out/cy_device.o
 .rodata.cy_deviceIpBlockCfgPSoC6_03
                0x00000000       0xc0 out/cy_device.o
 .rodata.cy_deviceIpBlockCfgPSoC6_04
                0x00000000       0xc0 out/cy_device.o
 .text          0x00000000        0x0 out/cy_ipc_pipe.o
 .data          0x00000000        0x0 out/cy_ipc_pipe.o
 .bss           0x00000000        0x0 out/cy_ipc_pipe.o
 .text.Cy_IPC_Pipe_SendMessage
                0x00000000       0x8c out/cy_ipc_pipe.o
 .text.Cy_IPC_Pipe_RegisterCallback
                0x00000000       0x3c out/cy_ipc_pipe.o
 .text.Cy_IPC_Pipe_RegisterCallbackRel
                0x00000000       0x1c out/cy_ipc_pipe.o
 .text.Cy_IPC_Pipe_EndpointPause
                0x00000000       0x44 out/cy_ipc_pipe.o
 .text.Cy_IPC_Pipe_EndpointResume
                0x00000000       0x38 out/cy_ipc_pipe.o
 .text          0x00000000        0x0 out/cy_ipc_drv.o
 .data          0x00000000        0x0 out/cy_ipc_drv.o
 .bss           0x00000000        0x0 out/cy_ipc_drv.o
 .text.Cy_IPC_Drv_SendMsgDWord
                0x00000000       0x30 out/cy_ipc_drv.o
 .text.Cy_IPC_Drv_ReadMsgDWord
                0x00000000       0x30 out/cy_ipc_drv.o
 .text          0x00000000        0x0 out/cy_ipc_sema.o
 .data          0x00000000        0x0 out/cy_ipc_sema.o
 .bss           0x00000000        0x0 out/cy_ipc_sema.o
 .text.Cy_IPC_Sema_Set
                0x00000000       0x78 out/cy_ipc_sema.o
 .text.Cy_IPC_Sema_Clear
                0x00000000       0x7c out/cy_ipc_sema.o
 .text.Cy_IPC_Sema_Status
                0x00000000       0x40 out/cy_ipc_sema.o
 .text.Cy_IPC_Sema_GetMaxSems
                0x00000000       0x10 out/cy_ipc_sema.o
 .text          0x00000000        0x0 out/cy_wdt.o
 .data          0x00000000        0x0 out/cy_wdt.o
 .bss           0x00000000        0x0 out/cy_wdt.o
 .text.Cy_WDT_Lock
                0x00000000       0x14 out/cy_wdt.o
 .text.Cy_WDT_Locked
                0x00000000       0x14 out/cy_wdt.o
 .text.Cy_WDT_SetMatch
                0x00000000       0x2c out/cy_wdt.o
 .text.Cy_WDT_SetIgnoreBits
                0x00000000       0x2c out/cy_wdt.o
 .text.Cy_WDT_ClearInterrupt
                0x00000000       0x14 out/cy_wdt.o
 .text.Cy_WDT_Init
                0x00000000       0x44 out/cy_wdt.o
 .text.Cy_WDT_ClearWatchdog
                0x00000000        0x8 out/cy_wdt.o
 .text          0x00000000        0x0 out/cy_sysint.o
 .data          0x00000000        0x0 out/cy_sysint.o
 .bss           0x00000000        0x0 out/cy_sysint.o
 .text.Cy_SysInt_SetNmiSource
                0x00000000       0x30 out/cy_sysint.o
 .text.Cy_SysInt_GetNmiSource
                0x00000000       0x28 out/cy_sysint.o
 .text.Cy_SysInt_GetVector
                0x00000000       0x28 out/cy_sysint.o
 .text.Cy_SysInt_SoftwareTrig
                0x00000000       0x10 out/cy_sysint.o
 .text          0x00000000        0x0 out/cy_sysclk.o
 .data          0x00000000        0x0 out/cy_sysclk.o
 .bss           0x00000000        0x0 out/cy_sysclk.o
 .text.cy_sqrt  0x00000000       0x2a out/cy_sysclk.o
 .text.Cy_SysClk_PeriphSetDivider
                0x00000000       0x84 out/cy_sysclk.o
 .text.Cy_SysClk_PeriphGetDivider
                0x00000000       0x44 out/cy_sysclk.o
 .text.Cy_SysClk_PeriphSetFracDivider
                0x00000000       0xcc out/cy_sysclk.o
 .text.Cy_SysClk_PeriphGetFracDivider
                0x00000000       0x88 out/cy_sysclk.o
 .text.Cy_SysClk_PeriphAssignDivider
                0x00000000       0x78 out/cy_sysclk.o
 .text.Cy_SysClk_PeriphGetAssignedDivider
                0x00000000       0x34 out/cy_sysclk.o
 .text.Cy_SysClk_PeriphEnableDivider
                0x00000000       0x84 out/cy_sysclk.o
 .text.Cy_SysClk_PeriphDisableDivider
                0x00000000       0x64 out/cy_sysclk.o
 .text.Cy_SysClk_PeriphEnablePhaseAlignDivider
                0x00000000       0x9c out/cy_sysclk.o
 .text.Cy_SysClk_PeriphGetDividerEnabled
                0x00000000       0x94 out/cy_sysclk.o
 .text.Cy_SysClk_ClkSlowSetDivider
                0x00000000       0x1c out/cy_sysclk.o
 .text.Cy_SysClk_ClkPumpSetSource
                0x00000000       0x24 out/cy_sysclk.o
 .text.Cy_SysClk_ClkPumpGetSource
                0x00000000       0x10 out/cy_sysclk.o
 .text.Cy_SysClk_ClkPumpSetDivider
                0x00000000       0x24 out/cy_sysclk.o
 .text.Cy_SysClk_ClkPumpGetDivider
                0x00000000       0x10 out/cy_sysclk.o
 .text.Cy_SysClk_ClkPumpEnable
                0x00000000       0x14 out/cy_sysclk.o
 .text.Cy_SysClk_ClkPumpIsEnabled
                0x00000000       0x10 out/cy_sysclk.o
 .text.Cy_SysClk_ClkPumpDisable
                0x00000000       0x14 out/cy_sysclk.o
 .text.Cy_SysClk_ClkBakSetSource
                0x00000000       0x20 out/cy_sysclk.o
 .text.Cy_SysClk_ClkBakGetSource
                0x00000000       0x10 out/cy_sysclk.o
 .text.Cy_SysClk_ClkTimerSetSource
                0x00000000       0x2c out/cy_sysclk.o
 .text.Cy_SysClk_ClkTimerGetSource
                0x00000000       0x14 out/cy_sysclk.o
 .text.Cy_SysClk_ClkTimerSetDivider
                0x00000000       0x18 out/cy_sysclk.o
 .text.Cy_SysClk_ClkTimerGetDivider
                0x00000000       0x10 out/cy_sysclk.o
 .text.Cy_SysClk_ClkTimerEnable
                0x00000000       0x14 out/cy_sysclk.o
 .text.Cy_SysClk_ClkTimerIsEnabled
                0x00000000       0x10 out/cy_sysclk.o
 .text.Cy_SysClk_ClkTimerDisable
                0x00000000       0x14 out/cy_sysclk.o
 .text.Cy_SysClk_ClkLfSetSource
                0x00000000       0x20 out/cy_sysclk.o
 .text.Cy_SysClk_ClkLfGetSource
                0x00000000       0x10 out/cy_sysclk.o
 .text.Cy_SysClk_ClkPeriSetDivider
                0x00000000       0x1c out/cy_sysclk.o
 .text.Cy_SysClk_ClkFastSetDivider
                0x00000000       0x1c out/cy_sysclk.o
 .text.Cy_SysClk_ClkFastGetDivider
                0x00000000       0x18 out/cy_sysclk.o
 .text.Cy_SysClk_ClkHfEnable
                0x00000000       0x30 out/cy_sysclk.o
 .text.Cy_SysClk_ClkHfIsEnabled
                0x00000000       0x24 out/cy_sysclk.o
 .text.Cy_SysClk_ClkHfDisable
                0x00000000       0x38 out/cy_sysclk.o
 .text.Cy_SysClk_ClkHfSetSource
                0x00000000       0x40 out/cy_sysclk.o
 .text.Cy_SysClk_ClkHfSetDivider
                0x00000000       0x40 out/cy_sysclk.o
 .text.Cy_SysClk_MfoEnable
                0x00000000       0x2c out/cy_sysclk.o
 .text.Cy_SysClk_MfoIsEnabled
                0x00000000       0x2c out/cy_sysclk.o
 .text.Cy_SysClk_MfoDisable
                0x00000000       0x20 out/cy_sysclk.o
 .text.Cy_SysClk_ClkMfEnable
                0x00000000       0x28 out/cy_sysclk.o
 .text.Cy_SysClk_ClkMfIsEnabled
                0x00000000       0x2c out/cy_sysclk.o
 .text.Cy_SysClk_ClkMfDisable
                0x00000000       0x28 out/cy_sysclk.o
 .text.Cy_SysClk_ClkMfSetDivider
                0x00000000       0x40 out/cy_sysclk.o
 .text.Cy_SysClk_ClkMfGetDivider
                0x00000000       0x28 out/cy_sysclk.o
 .text.Cy_SysClk_ClkMfGetFrequency
                0x00000000       0x20 out/cy_sysclk.o
 .text.Cy_SysClk_WcoEnable
                0x00000000       0x34 out/cy_sysclk.o
 .text.Cy_SysClk_WcoDisable
                0x00000000       0x10 out/cy_sysclk.o
 .text.Cy_SysClk_WcoBypass
                0x00000000       0x18 out/cy_sysclk.o
 .text.Cy_SysClk_PiloEnable
                0x00000000       0x28 out/cy_sysclk.o
 .text.Cy_SysClk_PiloIsEnabled
                0x00000000       0x10 out/cy_sysclk.o
 .text.Cy_SysClk_PiloDisable
                0x00000000       0x14 out/cy_sysclk.o
 .text.Cy_SysClk_PiloSetTrim
                0x00000000       0x20 out/cy_sysclk.o
 .text.Cy_SysClk_PiloGetTrim
                0x00000000       0x10 out/cy_sysclk.o
 .text.Cy_SysClk_AltLfIsEnabled
                0x00000000        0x4 out/cy_sysclk.o
 .text.Cy_SysClk_IloEnable
                0x00000000       0x14 out/cy_sysclk.o
 .text.Cy_SysClk_IloIsEnabled
                0x00000000       0x10 out/cy_sysclk.o
 .text.Cy_SysClk_IloDisable
                0x00000000       0x28 out/cy_sysclk.o
 .text.Cy_SysClk_IloHibernateOn
                0x00000000       0x20 out/cy_sysclk.o
 .text.Cy_SysClk_ExtClkSetFrequency
                0x00000000       0x14 out/cy_sysclk.o
 .text.Cy_SysClk_EcoDisable
                0x00000000       0x14 out/cy_sysclk.o
 .text.Cy_SysClk_EcoConfigure
                0x00000000      0x13c out/cy_sysclk.o
 .text.Cy_SysClk_EcoEnable
                0x00000000       0x64 out/cy_sysclk.o
 .text.Cy_SysClk_ClkPathSetSource
                0x00000000       0x5c out/cy_sysclk.o
 .text.Cy_SysClk_FllLocked
                0x00000000       0x10 out/cy_sysclk.o
 .text.Cy_SysClk_FllDisable
                0x00000000       0x34 out/cy_sysclk.o
 .text.Cy_SysClk_FllManualConfigure
                0x00000000      0x104 out/cy_sysclk.o
 .text.Cy_SysClk_FllConfigure
                0x00000000      0x35c out/cy_sysclk.o
 .text.Cy_SysClk_FllEnable
                0x00000000       0x94 out/cy_sysclk.o
 .text.Cy_SysClk_PllLocked
                0x00000000       0x28 out/cy_sysclk.o
 .text.Cy_SysClk_PllLostLock
                0x00000000       0x30 out/cy_sysclk.o
 .text.Cy_SysClk_PllDisable
                0x00000000       0x4c out/cy_sysclk.o
 .text.Cy_SysClk_PllManualConfigure
                0x00000000       0xd0 out/cy_sysclk.o
 .text.Cy_SysClk_PllConfigure
                0x00000000      0x134 out/cy_sysclk.o
 .text.Cy_SysClk_PllEnable
                0x00000000       0xb4 out/cy_sysclk.o
 .text.Cy_SysClk_ClkMeasurementCountersGetFreq
                0x00000000       0xac out/cy_sysclk.o
 .text.Cy_SysClk_ClkMeasurementCountersDone
                0x00000000       0x10 out/cy_sysclk.o
 .text.Cy_SysClk_StartClkMeasurementCounters
                0x00000000      0x16c out/cy_sysclk.o
 .text.Cy_SysClk_IloTrim
                0x00000000       0x74 out/cy_sysclk.o
 .text.Cy_SysClk_PiloTrim
                0x00000000       0x6c out/cy_sysclk.o
 .text.Cy_SysClk_PiloInitialTrim
                0x00000000       0x84 out/cy_sysclk.o
 .text.Cy_SysClk_PiloUpdateTrimStep
                0x00000000       0xb8 out/cy_sysclk.o
 .text.Cy_SysClk_DeepSleepCallback
                0x00000000      0x21c out/cy_sysclk.o
 .text.Cy_SysClk_ClkPumpGetFrequency
                0x00000000       0x20 out/cy_sysclk.o
 .text.Cy_SysClk_ClkPeriGetFrequency
                0x00000000       0x1a out/cy_sysclk.o
 .text.Cy_SysClk_ClkSlowGetFrequency
                0x00000000       0x18 out/cy_sysclk.o
 .text.Cy_SysClk_PeriphGetFrequency
                0x00000000       0x8c out/cy_sysclk.o
 .text.Cy_SysClk_ClkFastGetFrequency
                0x00000000       0x1a out/cy_sysclk.o
 .text.Cy_SysClk_ClkTimerGetFrequency
                0x00000000       0x6c out/cy_sysclk.o
 .rodata        0x00000000       0x28 out/cy_sysclk.o
 .bss.changedSourcePaths.1
                0x00000000        0x2 out/cy_sysclk.o
 .bss.clk1Count1
                0x00000000        0x4 out/cy_sysclk.o
 .bss.clkCounting
                0x00000000        0x1 out/cy_sysclk.o
 .bss.pllAutoModes.0
                0x00000000        0x2 out/cy_sysclk.o
 .bss.preventCounting
                0x00000000        0x1 out/cy_sysclk.o
 .data.stepSize
                0x00000000        0x4 out/cy_sysclk.o
 .text          0x00000000        0x0 out/system_psoc6_cm0plus.o
 .data          0x00000000        0x0 out/system_psoc6_cm0plus.o
 .bss           0x00000000        0x0 out/system_psoc6_cm0plus.o
 .bss.cy_BleEcoClockFreqHz
                0x00000000        0x4 out/system_psoc6_cm0plus.o
 .data          0x00000000        0x0 out/startup_psoc6_02_cm0plus.o
 .bss           0x00000000        0x0 out/startup_psoc6_02_cm0plus.o
 .text          0x00000000        0x0 out/cy_gpio.o
 .data          0x00000000        0x0 out/cy_gpio.o
 .bss           0x00000000        0x0 out/cy_gpio.o
 .text.Cy_GPIO_Port_Init
                0x00000000       0xc8 out/cy_gpio.o
 .text.Cy_GPIO_Port_Deinit
                0x00000000       0x58 out/cy_gpio.o
 .text.Cy_GPIO_SetAmuxSplit
                0x00000000       0x58 out/cy_gpio.o
 .text.Cy_GPIO_GetAmuxSplit
                0x00000000       0x3c out/cy_gpio.o
 .text.Cy_GPIO_Pin_FastInit
                0x00000000       0x74 out/cy_gpio.o
 .text.Cy_GPIO_GetHSIOM
                0x00000000       0x40 out/cy_gpio.o
 .text.Cy_GPIO_Read
                0x00000000       0x10 out/cy_gpio.o
 .text.Cy_GPIO_ReadOut
                0x00000000       0x10 out/cy_gpio.o
 .text.Cy_GPIO_Set
                0x00000000       0x10 out/cy_gpio.o
 .text.Cy_GPIO_Clr
                0x00000000       0x10 out/cy_gpio.o
 .text.Cy_GPIO_GetDrivemode
                0x00000000       0x20 out/cy_gpio.o
 .text.Cy_GPIO_GetVtrip
                0x00000000       0x1c out/cy_gpio.o
 .text.Cy_GPIO_SetSlewRate
                0x00000000       0x3c out/cy_gpio.o
 .text.Cy_GPIO_GetSlewRate
                0x00000000       0x1c out/cy_gpio.o
 .text.Cy_GPIO_SetDriveSel
                0x00000000       0x40 out/cy_gpio.o
 .text.Cy_GPIO_GetDriveSel
                0x00000000       0x20 out/cy_gpio.o
 .text.Cy_GPIO_SetVregEn
                0x00000000       0x40 out/cy_gpio.o
 .text.Cy_GPIO_GetVregEn
                0x00000000       0x24 out/cy_gpio.o
 .text.Cy_GPIO_SetIbufMode
                0x00000000       0x44 out/cy_gpio.o
 .text.Cy_GPIO_GetIbufMode
                0x00000000       0x28 out/cy_gpio.o
 .text.Cy_GPIO_SetVtripSel
                0x00000000       0x44 out/cy_gpio.o
 .text.Cy_GPIO_GetVtripSel
                0x00000000       0x28 out/cy_gpio.o
 .text.Cy_GPIO_SetVrefSel
                0x00000000       0x44 out/cy_gpio.o
 .text.Cy_GPIO_GetVrefSel
                0x00000000       0x28 out/cy_gpio.o
 .text.Cy_GPIO_SetVohSel
                0x00000000       0x44 out/cy_gpio.o
 .text.Cy_GPIO_GetVohSel
                0x00000000       0x28 out/cy_gpio.o
 .text.Cy_GPIO_GetInterruptStatus
                0x00000000       0x10 out/cy_gpio.o
 .text.Cy_GPIO_ClearInterrupt
                0x00000000       0x14 out/cy_gpio.o
 .text.Cy_GPIO_GetInterruptMask
                0x00000000       0x10 out/cy_gpio.o
 .text.Cy_GPIO_GetInterruptStatusMasked
                0x00000000       0x10 out/cy_gpio.o
 .text.Cy_GPIO_SetSwInterrupt
                0x00000000       0x10 out/cy_gpio.o
 .text.Cy_GPIO_GetInterruptEdge
                0x00000000       0x20 out/cy_gpio.o
 .text.Cy_GPIO_SetFilter
                0x00000000       0x24 out/cy_gpio.o
 .text.Cy_GPIO_GetFilter
                0x00000000       0x14 out/cy_gpio.o
 .text          0x00000000        0x0 out/cy_syslib.o
 .data          0x00000000        0x0 out/cy_syslib.o
 .bss           0x00000000        0x0 out/cy_syslib.o
 .text.Cy_SysLib_DelayUs
                0x00000000       0x14 out/cy_syslib.o
 .text.Cy_SysLib_Rtos_Delay
                0x00000000        0x8 out/cy_syslib.o
 .text.Cy_SysLib_Rtos_DelayUs
                0x00000000        0x8 out/cy_syslib.o
 .text.Cy_SysLib_Halt
                0x00000000        0x4 out/cy_syslib.o
 .text.Cy_SysLib_AssertFailed
                0x00000000       0x1c out/cy_syslib.o
 .text.Cy_SysLib_ClearFlashCacheAndBuffer
                0x00000000       0x10 out/cy_syslib.o
 .text.Cy_SysLib_ResetBackupDomain
                0x00000000       0x20 out/cy_syslib.o
 .text.Cy_SysLib_GetResetReason
                0x00000000       0x34 out/cy_syslib.o
 .text.Cy_SysLib_ClearResetReason
                0x00000000       0x28 out/cy_syslib.o
 .text.Cy_SysLib_GetUniqueId
                0x00000000       0x4a out/cy_syslib.o
 .text.Cy_SysLib_SetWaitStates
                0x00000000       0xd0 out/cy_syslib.o
 .text.Cy_SysLib_GetDeviceRevision
                0x00000000       0x16 out/cy_syslib.o
 .text.Cy_SysLib_GetDevice
                0x00000000       0x1a out/cy_syslib.o
 .data          0x00000000        0x0 out/cy_syslib_gcc.o
 .bss           0x00000000        0x0 out/cy_syslib_gcc.o
 .text          0x00000000        0x0 out/main.o
 .data          0x00000000        0x0 out/main.o
 .bss           0x00000000        0x0 out/main.o
 .data          0x00000000        0x0 c:/infineon/tools/modustoolbox/tools_2.4/gcc/bin/../lib/gcc/arm-none-eabi/10.3.1/thumb/v7e-m/nofp\libgcc.a(_aeabi_uldivmod.o)
 .bss           0x00000000        0x0 c:/infineon/tools/modustoolbox/tools_2.4/gcc/bin/../lib/gcc/arm-none-eabi/10.3.1/thumb/v7e-m/nofp\libgcc.a(_aeabi_uldivmod.o)
 .data          0x00000000        0x0 c:/infineon/tools/modustoolbox/tools_2.4/gcc/bin/../lib/gcc/arm-none-eabi/10.3.1/thumb/v7e-m/nofp\libgcc.a(_udivmoddi4.o)
 .bss           0x00000000        0x0 c:/infineon/tools/modustoolbox/tools_2.4/gcc/bin/../lib/gcc/arm-none-eabi/10.3.1/thumb/v7e-m/nofp\libgcc.a(_udivmoddi4.o)
 .ARM.extab     0x00000000        0x0 c:/infineon/tools/modustoolbox/tools_2.4/gcc/bin/../lib/gcc/arm-none-eabi/10.3.1/thumb/v7e-m/nofp\libgcc.a(_udivmoddi4.o)
 .data          0x00000000        0x0 c:/infineon/tools/modustoolbox/tools_2.4/gcc/bin/../lib/gcc/arm-none-eabi/10.3.1/thumb/v7e-m/nofp\libgcc.a(_dvmd_tls.o)
 .bss           0x00000000        0x0 c:/infineon/tools/modustoolbox/tools_2.4/gcc/bin/../lib/gcc/arm-none-eabi/10.3.1/thumb/v7e-m/nofp\libgcc.a(_dvmd_tls.o)
 .text          0x00000000        0x0 c:/infineon/tools/modustoolbox/tools_2.4/gcc/bin/../lib/gcc/arm-none-eabi/10.3.1/../../../../arm-none-eabi/lib/thumb/v7e-m/nofp\libg_nano.a(lib_a-exit.o)
 .data          0x00000000        0x0 c:/infineon/tools/modustoolbox/tools_2.4/gcc/bin/../lib/gcc/arm-none-eabi/10.3.1/../../../../arm-none-eabi/lib/thumb/v7e-m/nofp\libg_nano.a(lib_a-exit.o)
 .bss           0x00000000        0x0 c:/infineon/tools/modustoolbox/tools_2.4/gcc/bin/../lib/gcc/arm-none-eabi/10.3.1/../../../../arm-none-eabi/lib/thumb/v7e-m/nofp\libg_nano.a(lib_a-exit.o)
 .text.exit     0x00000000       0x28 c:/infineon/tools/modustoolbox/tools_2.4/gcc/bin/../lib/gcc/arm-none-eabi/10.3.1/../../../../arm-none-eabi/lib/thumb/v7e-m/nofp\libg_nano.a(lib_a-exit.o)
 .debug_frame   0x00000000       0x28 c:/infineon/tools/modustoolbox/tools_2.4/gcc/bin/../lib/gcc/arm-none-eabi/10.3.1/../../../../arm-none-eabi/lib/thumb/v7e-m/nofp\libg_nano.a(lib_a-exit.o)
 .ARM.attributes
                0x00000000       0x2e c:/infineon/tools/modustoolbox/tools_2.4/gcc/bin/../lib/gcc/arm-none-eabi/10.3.1/../../../../arm-none-eabi/lib/thumb/v7e-m/nofp\libg_nano.a(lib_a-exit.o)
 .text          0x00000000        0x0 c:/infineon/tools/modustoolbox/tools_2.4/gcc/bin/../lib/gcc/arm-none-eabi/10.3.1/../../../../arm-none-eabi/lib/thumb/v7e-m/nofp\libg_nano.a(lib_a-impure.o)
 .data          0x00000000        0x0 c:/infineon/tools/modustoolbox/tools_2.4/gcc/bin/../lib/gcc/arm-none-eabi/10.3.1/../../../../arm-none-eabi/lib/thumb/v7e-m/nofp\libg_nano.a(lib_a-impure.o)
 .bss           0x00000000        0x0 c:/infineon/tools/modustoolbox/tools_2.4/gcc/bin/../lib/gcc/arm-none-eabi/10.3.1/../../../../arm-none-eabi/lib/thumb/v7e-m/nofp\libg_nano.a(lib_a-impure.o)
 .data._impure_ptr
                0x00000000        0x4 c:/infineon/tools/modustoolbox/tools_2.4/gcc/bin/../lib/gcc/arm-none-eabi/10.3.1/../../../../arm-none-eabi/lib/thumb/v7e-m/nofp\libg_nano.a(lib_a-impure.o)
 .data.impure_data
                0x00000000       0x60 c:/infineon/tools/modustoolbox/tools_2.4/gcc/bin/../lib/gcc/arm-none-eabi/10.3.1/../../../../arm-none-eabi/lib/thumb/v7e-m/nofp\libg_nano.a(lib_a-impure.o)
 .rodata._global_impure_ptr
                0x00000000        0x4 c:/infineon/tools/modustoolbox/tools_2.4/gcc/bin/../lib/gcc/arm-none-eabi/10.3.1/../../../../arm-none-eabi/lib/thumb/v7e-m/nofp\libg_nano.a(lib_a-impure.o)
 .ARM.attributes
                0x00000000       0x2e c:/infineon/tools/modustoolbox/tools_2.4/gcc/bin/../lib/gcc/arm-none-eabi/10.3.1/../../../../arm-none-eabi/lib/thumb/v7e-m/nofp\libg_nano.a(lib_a-impure.o)
 .text          0x00000000        0x0 c:/infineon/tools/modustoolbox/tools_2.4/gcc/bin/../lib/gcc/arm-none-eabi/10.3.1/../../../../arm-none-eabi/lib/thumb/v7e-m/nofp\libg_nano.a(lib_a-init.o)
 .data          0x00000000        0x0 c:/infineon/tools/modustoolbox/tools_2.4/gcc/bin/../lib/gcc/arm-none-eabi/10.3.1/../../../../arm-none-eabi/lib/thumb/v7e-m/nofp\libg_nano.a(lib_a-init.o)
 .bss           0x00000000        0x0 c:/infineon/tools/modustoolbox/tools_2.4/gcc/bin/../lib/gcc/arm-none-eabi/10.3.1/../../../../arm-none-eabi/lib/thumb/v7e-m/nofp\libg_nano.a(lib_a-init.o)
 .text.__libc_init_array
                0x00000000       0x48 c:/infineon/tools/modustoolbox/tools_2.4/gcc/bin/../lib/gcc/arm-none-eabi/10.3.1/../../../../arm-none-eabi/lib/thumb/v7e-m/nofp\libg_nano.a(lib_a-init.o)
 .debug_frame   0x00000000       0x2c c:/infineon/tools/modustoolbox/tools_2.4/gcc/bin/../lib/gcc/arm-none-eabi/10.3.1/../../../../arm-none-eabi/lib/thumb/v7e-m/nofp\libg_nano.a(lib_a-init.o)
 .ARM.attributes
                0x00000000       0x2e c:/infineon/tools/modustoolbox/tools_2.4/gcc/bin/../lib/gcc/arm-none-eabi/10.3.1/../../../../arm-none-eabi/lib/thumb/v7e-m/nofp\libg_nano.a(lib_a-init.o)
 .text          0x00000000        0x0 c:/infineon/tools/modustoolbox/tools_2.4/gcc/bin/../lib/gcc/arm-none-eabi/10.3.1/../../../../arm-none-eabi/lib/thumb/v7e-m/nofp\libg_nano.a(lib_a-memset.o)
 .data          0x00000000        0x0 c:/infineon/tools/modustoolbox/tools_2.4/gcc/bin/../lib/gcc/arm-none-eabi/10.3.1/../../../../arm-none-eabi/lib/thumb/v7e-m/nofp\libg_nano.a(lib_a-memset.o)
 .bss           0x00000000        0x0 c:/infineon/tools/modustoolbox/tools_2.4/gcc/bin/../lib/gcc/arm-none-eabi/10.3.1/../../../../arm-none-eabi/lib/thumb/v7e-m/nofp\libg_nano.a(lib_a-memset.o)
 .text          0x00000000        0x0 c:/infineon/tools/modustoolbox/tools_2.4/gcc/bin/../lib/gcc/arm-none-eabi/10.3.1/../../../../arm-none-eabi/lib/thumb/v7e-m/nofp\libg_nano.a(lib_a-strncpy.o)
 .data          0x00000000        0x0 c:/infineon/tools/modustoolbox/tools_2.4/gcc/bin/../lib/gcc/arm-none-eabi/10.3.1/../../../../arm-none-eabi/lib/thumb/v7e-m/nofp\libg_nano.a(lib_a-strncpy.o)
 .bss           0x00000000        0x0 c:/infineon/tools/modustoolbox/tools_2.4/gcc/bin/../lib/gcc/arm-none-eabi/10.3.1/../../../../arm-none-eabi/lib/thumb/v7e-m/nofp\libg_nano.a(lib_a-strncpy.o)
 .text.strncpy  0x00000000       0x26 c:/infineon/tools/modustoolbox/tools_2.4/gcc/bin/../lib/gcc/arm-none-eabi/10.3.1/../../../../arm-none-eabi/lib/thumb/v7e-m/nofp\libg_nano.a(lib_a-strncpy.o)
 .debug_frame   0x00000000       0x28 c:/infineon/tools/modustoolbox/tools_2.4/gcc/bin/../lib/gcc/arm-none-eabi/10.3.1/../../../../arm-none-eabi/lib/thumb/v7e-m/nofp\libg_nano.a(lib_a-strncpy.o)
 .ARM.attributes
                0x00000000       0x2e c:/infineon/tools/modustoolbox/tools_2.4/gcc/bin/../lib/gcc/arm-none-eabi/10.3.1/../../../../arm-none-eabi/lib/thumb/v7e-m/nofp\libg_nano.a(lib_a-strncpy.o)
 .text          0x00000000        0x0 c:/infineon/tools/modustoolbox/tools_2.4/gcc/bin/../lib/gcc/arm-none-eabi/10.3.1/thumb/v7e-m/nofp/crtend.o
 .data          0x00000000        0x0 c:/infineon/tools/modustoolbox/tools_2.4/gcc/bin/../lib/gcc/arm-none-eabi/10.3.1/thumb/v7e-m/nofp/crtend.o
 .bss           0x00000000        0x0 c:/infineon/tools/modustoolbox/tools_2.4/gcc/bin/../lib/gcc/arm-none-eabi/10.3.1/thumb/v7e-m/nofp/crtend.o
 .rodata        0x00000000       0x24 c:/infineon/tools/modustoolbox/tools_2.4/gcc/bin/../lib/gcc/arm-none-eabi/10.3.1/thumb/v7e-m/nofp/crtend.o
 .text          0x00000000        0x0 c:/infineon/tools/modustoolbox/tools_2.4/gcc/bin/../lib/gcc/arm-none-eabi/10.3.1/thumb/v7e-m/nofp/crtn.o
 .data          0x00000000        0x0 c:/infineon/tools/modustoolbox/tools_2.4/gcc/bin/../lib/gcc/arm-none-eabi/10.3.1/thumb/v7e-m/nofp/crtn.o
 .bss           0x00000000        0x0 c:/infineon/tools/modustoolbox/tools_2.4/gcc/bin/../lib/gcc/arm-none-eabi/10.3.1/thumb/v7e-m/nofp/crtn.o
 .text          0x00000000        0x0 c:/infineon/tools/modustoolbox/tools_2.4/gcc/bin/../lib/gcc/arm-none-eabi/10.3.1/../../../../arm-none-eabi/lib/thumb/v7e-m/nofp\libnosys.a(_exit.o)
 .data          0x00000000        0x0 c:/infineon/tools/modustoolbox/tools_2.4/gcc/bin/../lib/gcc/arm-none-eabi/10.3.1/../../../../arm-none-eabi/lib/thumb/v7e-m/nofp\libnosys.a(_exit.o)
 .bss           0x00000000        0x0 c:/infineon/tools/modustoolbox/tools_2.4/gcc/bin/../lib/gcc/arm-none-eabi/10.3.1/../../../../arm-none-eabi/lib/thumb/v7e-m/nofp\libnosys.a(_exit.o)
 .text._exit    0x00000000        0x4 c:/infineon/tools/modustoolbox/tools_2.4/gcc/bin/../lib/gcc/arm-none-eabi/10.3.1/../../../../arm-none-eabi/lib/thumb/v7e-m/nofp\libnosys.a(_exit.o)
 .debug_frame   0x00000000       0x20 c:/infineon/tools/modustoolbox/tools_2.4/gcc/bin/../lib/gcc/arm-none-eabi/10.3.1/../../../../arm-none-eabi/lib/thumb/v7e-m/nofp\libnosys.a(_exit.o)
 .ARM.attributes
                0x00000000       0x2e c:/infineon/tools/modustoolbox/tools_2.4/gcc/bin/../lib/gcc/arm-none-eabi/10.3.1/../../../../arm-none-eabi/lib/thumb/v7e-m/nofp\libnosys.a(_exit.o)

Memory Configuration

Name             Origin             Length             Attributes
ram              0x08000000         0x00002000         xrw
flash            0x10000000         0x00002000         xr
em_eeprom        0x14000000         0x00008000         xr
sflash_user_data 0x16000800         0x00000800         xr
sflash_nar       0x16001a00         0x00000200         xr
sflash_public_key 0x16005a00         0x00000c00         xr
sflash_toc_2     0x16007c00         0x00000200         xr
sflash_rtoc_2    0x16007e00         0x00000200         xr
xip              0x18000000         0x08000000         xr
efuse            0x90700000         0x00100000         r
*default*        0x00000000         0xffffffff

Linker script and memory map

LOAD c:/infineon/tools/modustoolbox/tools_2.4/gcc/bin/../lib/gcc/arm-none-eabi/10.3.1/thumb/v7e-m/nofp/crti.o
LOAD c:/infineon/tools/modustoolbox/tools_2.4/gcc/bin/../lib/gcc/arm-none-eabi/10.3.1/thumb/v7e-m/nofp/crtbegin.o
LOAD c:/infineon/tools/modustoolbox/tools_2.4/gcc/bin/../lib/gcc/arm-none-eabi/10.3.1/../../../../arm-none-eabi/lib/thumb/v7e-m/nofp/crt0.o
START GROUP
END GROUP
LOAD out/cy_device.o
LOAD out/cy_ipc_pipe.o
LOAD out/cy_ipc_drv.o
LOAD out/cy_ipc_sema.o
LOAD out/cy_wdt.o
LOAD out/cy_sysint.o
LOAD out/cy_sysclk.o
LOAD out/system_psoc6_cm0plus.o
LOAD out/startup_psoc6_02_cm0plus.o
LOAD out/cy_gpio.o
LOAD out/cy_syslib.o
LOAD out/cy_syslib_gcc.o
LOAD out/main.o
START GROUP
LOAD c:/infineon/tools/modustoolbox/tools_2.4/gcc/bin/../lib/gcc/arm-none-eabi/10.3.1/thumb/v7e-m/nofp\libgcc.a
LOAD c:/infineon/tools/modustoolbox/tools_2.4/gcc/bin/../lib/gcc/arm-none-eabi/10.3.1/../../../../arm-none-eabi/lib/thumb/v7e-m/nofp\libg_nano.a
LOAD c:/infineon/tools/modustoolbox/tools_2.4/gcc/bin/../lib/gcc/arm-none-eabi/10.3.1/../../../../arm-none-eabi/lib/thumb/v7e-m/nofp\libc_nano.a
END GROUP
START GROUP
LOAD c:/infineon/tools/modustoolbox/tools_2.4/gcc/bin/../lib/gcc/arm-none-eabi/10.3.1/thumb/v7e-m/nofp\libgcc.a
LOAD c:/infineon/tools/modustoolbox/tools_2.4/gcc/bin/../lib/gcc/arm-none-eabi/10.3.1/../../../../arm-none-eabi/lib/thumb/v7e-m/nofp\libc_nano.a
END GROUP
LOAD c:/infineon/tools/modustoolbox/tools_2.4/gcc/bin/../lib/gcc/arm-none-eabi/10.3.1/thumb/v7e-m/nofp/crtend.o
LOAD c:/infineon/tools/modustoolbox/tools_2.4/gcc/bin/../lib/gcc/arm-none-eabi/10.3.1/thumb/v7e-m/nofp/crtn.o
START GROUP
LOAD c:/infineon/tools/modustoolbox/tools_2.4/gcc/bin/../lib/gcc/arm-none-eabi/10.3.1/thumb/v7e-m/nofp\libgcc.a
LOAD c:/infineon/tools/modustoolbox/tools_2.4/gcc/bin/../lib/gcc/arm-none-eabi/10.3.1/../../../../arm-none-eabi/lib/thumb/v7e-m/nofp\libc.a
LOAD c:/infineon/tools/modustoolbox/tools_2.4/gcc/bin/../lib/gcc/arm-none-eabi/10.3.1/../../../../arm-none-eabi/lib/thumb/v7e-m/nofp\libnosys.a
END GROUP
                0x00001000                STACK_SIZE = 0x1000
START GROUP
LOAD c:/infineon/tools/modustoolbox/tools_2.4/gcc/bin/../lib/gcc/arm-none-eabi/10.3.1/thumb/v7e-m/nofp\libgcc.a
LOAD c:/infineon/tools/modustoolbox/tools_2.4/gcc/bin/../lib/gcc/arm-none-eabi/10.3.1/../../../../arm-none-eabi/lib/thumb/v7e-m/nofp\libc.a
LOAD c:/infineon/tools/modustoolbox/tools_2.4/gcc/bin/../lib/gcc/arm-none-eabi/10.3.1/../../../../arm-none-eabi/lib/thumb/v7e-m/nofp\libm.a
LOAD c:/infineon/tools/modustoolbox/tools_2.4/gcc/bin/../lib/gcc/arm-none-eabi/10.3.1/../../../../arm-none-eabi/lib/thumb/v7e-m/nofp\libnosys.a
END GROUP

.cy_app_header
 *(.cy_app_header)

.text           0x10000000     0x12e4
                0x10000000                . = ALIGN (0x4)
                0x10000000                __Vectors = .
 *(.vectors)
 .vectors       0x10000000       0x80 out/startup_psoc6_02_cm0plus.o
                0x10000080                . = ALIGN (0x4)
                0x10000080                __Vectors_End = .
                0x10000080                __Vectors_Size = (__Vectors_End - __Vectors)
                0x08000338                __end__ = .
                0x10000080                . = ALIGN (0x4)
 *(.text*)
 .text          0x10000080       0x40 c:/infineon/tools/modustoolbox/tools_2.4/gcc/bin/../lib/gcc/arm-none-eabi/10.3.1/thumb/v7e-m/nofp/crtbegin.o
 .text.Cy_PDL_Init
                0x100000c0        0xc out/cy_device.o
                0x100000c0                Cy_PDL_Init
 .text.Cy_IPC_Pipe_Config
                0x100000cc       0x14 out/cy_ipc_pipe.o
                0x100000cc                Cy_IPC_Pipe_Config
 .text.Cy_IPC_Pipe_EndpointInit
                0x100000e0       0x9c out/cy_ipc_pipe.o
                0x100000e0                Cy_IPC_Pipe_EndpointInit
 .text.Cy_IPC_Pipe_Init
                0x1000017c       0xac out/cy_ipc_pipe.o
                0x1000017c                Cy_IPC_Pipe_Init
 .text.Cy_IPC_Pipe_ExecCallback
                0x10000228       0xa4 out/cy_ipc_pipe.o
                0x10000228                Cy_IPC_Pipe_ExecCallback
 .text.Cy_IPC_Pipe_ExecuteCallback
                0x100002cc       0x20 out/cy_ipc_pipe.o
                0x100002cc                Cy_IPC_Pipe_ExecuteCallback
 .text.Cy_IPC_Drv_LockRelease
                0x100002ec       0x2c out/cy_ipc_drv.o
                0x100002ec                Cy_IPC_Drv_LockRelease
 .text.Cy_IPC_Drv_SendMsgWord
                0x10000318       0x20 out/cy_ipc_drv.o
                0x10000318                Cy_IPC_Drv_SendMsgWord
 .text.Cy_IPC_Drv_ReadMsgWord
                0x10000338       0x2c out/cy_ipc_drv.o
                0x10000338                Cy_IPC_Drv_ReadMsgWord
 .text.Cy_IPC_Sema_InitExt
                0x10000364       0x8c out/cy_ipc_sema.o
                0x10000364                Cy_IPC_Sema_InitExt
 .text.Cy_IPC_Sema_Init
                0x100003f0       0x58 out/cy_ipc_sema.o
                0x100003f0                Cy_IPC_Sema_Init
 .text.Cy_WDT_Unlock
                0x10000448       0x24 out/cy_wdt.o
                0x10000448                Cy_WDT_Unlock
 .text.Cy_SysInt_SetVector
                0x1000046c       0x38 out/cy_sysint.o
                0x1000046c                Cy_SysInt_SetVector
 .text.Cy_SysInt_Init
                0x100004a4       0x68 out/cy_sysint.o
                0x100004a4                Cy_SysInt_Init
 .text.Cy_SysClk_ClkSlowGetDivider
                0x1000050c       0x18 out/cy_sysclk.o
                0x1000050c                Cy_SysClk_ClkSlowGetDivider
 .text.Cy_SysClk_ClkPeriGetDivider
                0x10000524       0x14 out/cy_sysclk.o
                0x10000524                Cy_SysClk_ClkPeriGetDivider
 .text.Cy_SysClk_ClkHfGetSource
                0x10000538       0x24 out/cy_sysclk.o
                0x10000538                Cy_SysClk_ClkHfGetSource
 .text.Cy_SysClk_ClkHfGetDivider
                0x1000055c       0x24 out/cy_sysclk.o
                0x1000055c                Cy_SysClk_ClkHfGetDivider
 .text.Cy_SysClk_WcoOkay
                0x10000580       0x10 out/cy_sysclk.o
                0x10000580                Cy_SysClk_WcoOkay
 .text.Cy_SysClk_AltHfGetFrequency
                0x10000590        0x4 out/cy_sysclk.o
                0x10000590                Cy_SysClk_AltHfGetFrequency
 .text.Cy_SysClk_AltLfGetFrequency
                0x10000594        0x4 out/cy_sysclk.o
                0x10000594                Cy_SysClk_AltLfGetFrequency
 .text.Cy_SysClk_ExtClkGetFrequency
                0x10000598        0xc out/cy_sysclk.o
                0x10000598                Cy_SysClk_ExtClkGetFrequency
 .text.Cy_SysClk_EcoGetStatus
                0x100005a4       0x24 out/cy_sysclk.o
                0x100005a4                Cy_SysClk_EcoGetStatus
 .text.Cy_SysClk_EcoGetFrequency
                0x100005c8       0x18 out/cy_sysclk.o
                0x100005c8                Cy_SysClk_EcoGetFrequency
 .text.Cy_SysClk_ClkPathGetSource
                0x100005e0       0x3c out/cy_sysclk.o
                0x100005e0                Cy_SysClk_ClkPathGetSource
 .text.Cy_SysClk_ClkPathMuxGetFrequency
                0x1000061c       0xb0 out/cy_sysclk.o
                0x1000061c                Cy_SysClk_ClkPathMuxGetFrequency
 .text.Cy_SysClk_FllIsEnabled
                0x100006cc       0x10 out/cy_sysclk.o
                0x100006cc                Cy_SysClk_FllIsEnabled
 .text.Cy_SysClk_FllGetConfiguration
                0x100006dc       0x5c out/cy_sysclk.o
                0x100006dc                Cy_SysClk_FllGetConfiguration
 .text.Cy_SysClk_PllIsEnabled
                0x10000738       0x28 out/cy_sysclk.o
                0x10000738                Cy_SysClk_PllIsEnabled
 .text.Cy_SysClk_PllGetConfiguration
                0x10000760       0x4c out/cy_sysclk.o
                0x10000760                Cy_SysClk_PllGetConfiguration
 .text.Cy_SysClk_FllGetFrequency
                0x100007ac       0x68 out/cy_sysclk.o
                0x100007ac                Cy_SysClk_FllGetFrequency
 .text.Cy_SysClk_PllGetFrequency
                0x10000814       0x9c out/cy_sysclk.o
                0x10000814                Cy_SysClk_PllGetFrequency
 .text.Cy_SysClk_ClkPathGetFrequency
                0x100008b0       0x40 out/cy_sysclk.o
                0x100008b0                Cy_SysClk_ClkPathGetFrequency
 .text.Cy_SysClk_ClkHfGetFrequency
                0x100008f0       0x20 out/cy_sysclk.o
                0x100008f0                Cy_SysClk_ClkHfGetFrequency
 .text.Cy_SysIpcPipeIsrCm0
                0x10000910        0xa out/system_psoc6_cm0plus.o
                0x10000910                Cy_SysIpcPipeIsrCm0
 .text.Cy_SystemInit
                0x1000091a        0x2 out/system_psoc6_cm0plus.o
                0x1000091a                Cy_SystemInit
 .text.SystemCoreClockUpdate
                0x1000091c       0x74 out/system_psoc6_cm0plus.o
                0x1000091c                SystemCoreClockUpdate
 .text.SystemInit
                0x10000990       0xac out/system_psoc6_cm0plus.o
                0x10000990                SystemInit
 .text          0x10000a3c       0x80 out/startup_psoc6_02_cm0plus.o
                0x10000a3c                Cy_OnResetUser
                0x10000a3e                Reset_Handler
                0x10000a9c                Internal4_IRQHandler
                0x10000a9c                PendSV_Handler
                0x10000a9c                NMI_Handler
                0x10000a9c                SysTick_Handler
                0x10000a9c                Internal3_IRQHandler
                0x10000a9c                Internal6_IRQHandler
                0x10000a9c                NvicMux0_IRQHandler
                0x10000a9c                Internal7_IRQHandler
                0x10000a9c                NvicMux6_IRQHandler
                0x10000a9c                NvicMux7_IRQHandler
                0x10000a9c                Internal5_IRQHandler
                0x10000a9c                NvicMux2_IRQHandler
                0x10000a9c                Internal0_IRQHandler
                0x10000a9c                NvicMux4_IRQHandler
                0x10000a9c                Default_Handler
                0x10000a9c                NvicMux5_IRQHandler
                0x10000a9c                NvicMux3_IRQHandler
                0x10000a9c                Internal1_IRQHandler
                0x10000a9c                SVC_Handler
                0x10000a9c                NvicMux1_IRQHandler
                0x10000a9c                Internal2_IRQHandler
                0x10000aa0                HardFault_Handler
 .text.Cy_GPIO_SetHSIOM
                0x10000abc       0x70 out/cy_gpio.o
                0x10000abc                Cy_GPIO_SetHSIOM
 .text.Cy_GPIO_Write
                0x10000b2c       0x1c out/cy_gpio.o
                0x10000b2c                Cy_GPIO_Write
 .text.Cy_GPIO_Inv
                0x10000b48       0x10 out/cy_gpio.o
                0x10000b48                Cy_GPIO_Inv
 .text.Cy_GPIO_SetDrivemode
                0x10000b58       0x48 out/cy_gpio.o
                0x10000b58                Cy_GPIO_SetDrivemode
 .text.Cy_GPIO_SetVtrip
                0x10000ba0       0x3c out/cy_gpio.o
                0x10000ba0                Cy_GPIO_SetVtrip
 .text.Cy_GPIO_SetInterruptMask
                0x10000bdc       0x26 out/cy_gpio.o
                0x10000bdc                Cy_GPIO_SetInterruptMask
 *fill*         0x10000c02        0x2 
 .text.Cy_GPIO_SetInterruptEdge
                0x10000c04       0x3c out/cy_gpio.o
                0x10000c04                Cy_GPIO_SetInterruptEdge
 .text.Cy_GPIO_Pin_Init
                0x10000c40      0x15c out/cy_gpio.o
                0x10000c40                Cy_GPIO_Pin_Init
 .text.Cy_SysLib_Delay
                0x10000d9c       0x30 out/cy_syslib.o
                0x10000d9c                Cy_SysLib_Delay
 .text.Cy_SysLib_ProcessingFault
                0x10000dcc        0x2 out/cy_syslib.o
                0x10000dcc                Cy_SysLib_ProcessingFault
 *fill*         0x10000dce        0x2 
 .text.Cy_SysLib_FaultHandler
                0x10000dd0       0xa4 out/cy_syslib.o
                0x10000dd0                Cy_SysLib_FaultHandler
 *fill*         0x10000e74        0x4 
 .text          0x10000e78       0x20 out/cy_syslib_gcc.o
                0x10000e78                Cy_SysLib_DelayCycles
                0x10000e8a                Cy_SysLib_EnterCriticalSection
                0x10000e92                Cy_SysLib_ExitCriticalSection
 .text.main     0x10000e98       0x28 out/main.o
                0x10000e98                main
 .text          0x10000ec0       0x30 c:/infineon/tools/modustoolbox/tools_2.4/gcc/bin/../lib/gcc/arm-none-eabi/10.3.1/thumb/v7e-m/nofp\libgcc.a(_aeabi_uldivmod.o)
                0x10000ec0                __aeabi_uldivmod
 .text          0x10000ef0      0x2d0 c:/infineon/tools/modustoolbox/tools_2.4/gcc/bin/../lib/gcc/arm-none-eabi/10.3.1/thumb/v7e-m/nofp\libgcc.a(_udivmoddi4.o)
                0x10000ef0                __udivmoddi4
 .text          0x100011c0        0x4 c:/infineon/tools/modustoolbox/tools_2.4/gcc/bin/../lib/gcc/arm-none-eabi/10.3.1/thumb/v7e-m/nofp\libgcc.a(_dvmd_tls.o)
                0x100011c0                __aeabi_idiv0
                0x100011c0                __aeabi_ldiv0
 .text.memset   0x100011c4       0x10 c:/infineon/tools/modustoolbox/tools_2.4/gcc/bin/../lib/gcc/arm-none-eabi/10.3.1/../../../../arm-none-eabi/lib/thumb/v7e-m/nofp\libg_nano.a(lib_a-memset.o)
                0x100011c4                memset
 *(.init)
 .init          0x100011d4        0x4 c:/infineon/tools/modustoolbox/tools_2.4/gcc/bin/../lib/gcc/arm-none-eabi/10.3.1/thumb/v7e-m/nofp/crti.o
                0x100011d4                _init
 .init          0x100011d8        0x8 c:/infineon/tools/modustoolbox/tools_2.4/gcc/bin/../lib/gcc/arm-none-eabi/10.3.1/thumb/v7e-m/nofp/crtn.o
 *(.fini)
 .fini          0x100011e0        0x4 c:/infineon/tools/modustoolbox/tools_2.4/gcc/bin/../lib/gcc/arm-none-eabi/10.3.1/thumb/v7e-m/nofp/crti.o
                0x100011e0                _fini
 .fini          0x100011e4        0x8 c:/infineon/tools/modustoolbox/tools_2.4/gcc/bin/../lib/gcc/arm-none-eabi/10.3.1/thumb/v7e-m/nofp/crtn.o
 *crtbegin.o(.ctors)
 *crtbegin?.o(.ctors)
 *(EXCLUDE_FILE(*crtend.o *crtend?.o) .ctors)
 *(SORT_BY_NAME(.ctors.*))
 *(.ctors)
 *crtbegin.o(.dtors)
 *crtbegin?.o(.dtors)
 *(EXCLUDE_FILE(*crtend.o *crtend?.o) .dtors)
 *(SORT_BY_NAME(.dtors.*))
 *(.dtors)
 *(.rodata .rodata.* .constdata .constdata.* .conststring .conststring.*)
 .rodata.cy_deviceIpBlockCfgPSoC6_02
                0x100011ec       0xc0 out/cy_device.o
                0x100011ec                cy_deviceIpBlockCfgPSoC6_02
 .rodata.systemIpcPipeConfigCm0.1
                0x100012ac       0x34 out/system_psoc6_cm0plus.o
 *(.eh_frame*)
 .eh_frame      0x100012e0        0x0 c:/infineon/tools/modustoolbox/tools_2.4/gcc/bin/../lib/gcc/arm-none-eabi/10.3.1/thumb/v7e-m/nofp/crtbegin.o
 .eh_frame      0x100012e0        0x4 c:/infineon/tools/modustoolbox/tools_2.4/gcc/bin/../lib/gcc/arm-none-eabi/10.3.1/thumb/v7e-m/nofp/crtend.o

.glue_7         0x100012e4        0x0
 .glue_7        0x100012e4        0x0 linker stubs

.glue_7t        0x100012e4        0x0
 .glue_7t       0x100012e4        0x0 linker stubs

.vfp11_veneer   0x100012e4        0x0
 .vfp11_veneer  0x100012e4        0x0 linker stubs

.v4_bx          0x100012e4        0x0
 .v4_bx         0x100012e4        0x0 linker stubs

.iplt           0x100012e4        0x0
 .iplt          0x100012e4        0x0 c:/infineon/tools/modustoolbox/tools_2.4/gcc/bin/../lib/gcc/arm-none-eabi/10.3.1/thumb/v7e-m/nofp/crtbegin.o

.ARM.extab
 *(.ARM.extab* .gnu.linkonce.armextab.*)
                0x100012e4                __exidx_start = .

.ARM.exidx      0x100012e4        0x8
 *(.ARM.exidx* .gnu.linkonce.armexidx.*)
 .ARM.exidx     0x100012e4        0x8 c:/infineon/tools/modustoolbox/tools_2.4/gcc/bin/../lib/gcc/arm-none-eabi/10.3.1/thumb/v7e-m/nofp\libgcc.a(_udivmoddi4.o)
                0x100012ec                __exidx_end = .

.rel.dyn        0x100012ec        0x0
 .rel.iplt      0x100012ec        0x0 c:/infineon/tools/modustoolbox/tools_2.4/gcc/bin/../lib/gcc/arm-none-eabi/10.3.1/thumb/v7e-m/nofp/crtbegin.o

.copy.table     0x100012ec       0x18
                0x100012ec                . = ALIGN (0x4)
                0x100012ec                __copy_table_start__ = .
                0x100012ec        0x4 LONG 0x10000000 __Vectors
                0x100012f0        0x4 LONG 0x8000000 __ram_vectors_start__
                0x100012f4        0x4 LONG 0x80 (__Vectors_End - __Vectors)
                0x100012f8        0x4 LONG 0x1000130c __etext
                0x100012fc        0x4 LONG 0x8000080 __data_start__
                0x10001300        0x4 LONG 0x54 (__data_end__ - __data_start__)
                0x10001304                __copy_table_end__ = .

.zero.table     0x10001304        0x8
                0x10001304                . = ALIGN (0x4)
                0x10001304                __zero_table_start__ = .
                0x10001304        0x4 LONG 0x8000184 __bss_start__
                0x10001308        0x4 LONG 0x1b0 (__bss_end__ - __bss_start__)
                0x1000130c                __zero_table_end__ = .
                0x1000130c                __etext = .

.ramVectors     0x08000000       0x80
                0x08000000                __ram_vectors_start__ = .
 *(.ram_vectors)
 .ram_vectors   0x08000000       0x80 out/startup_psoc6_02_cm0plus.o
                0x08000000                __ramVectors
                0x08000080                __ram_vectors_end__ = .

.data           0x08000080       0x54 load address 0x1000130c
                0x08000080                . = ALIGN (0x4)
                0x08000080                __data_start__ = .
 *(vtable)
 *(.data*)
 .data.SystemCoreClock
                0x08000080        0x4 out/system_psoc6_cm0plus.o
                0x08000080                SystemCoreClock
 .data.cy_Hfclk0FreqHz
                0x08000084        0x4 out/system_psoc6_cm0plus.o
                0x08000084                cy_Hfclk0FreqHz
 .data.cy_PeriClkFreqHz
                0x08000088        0x4 out/system_psoc6_cm0plus.o
                0x08000088                cy_PeriClkFreqHz
 .data.cy_delay32kMs
                0x0800008c        0x4 out/system_psoc6_cm0plus.o
                0x0800008c                cy_delay32kMs
 .data.cy_delayFreqKhz
                0x08000090        0x4 out/system_psoc6_cm0plus.o
                0x08000090                cy_delayFreqKhz
 .data.cy_delayFreqMhz
                0x08000094        0x1 out/system_psoc6_cm0plus.o
                0x08000094                cy_delayFreqMhz
 *fill*         0x08000095        0x3 
 .data.pinConfig
                0x08000098       0x34 out/main.o
                0x08000098                pinConfig
                0x080000cc                . = ALIGN (0x4)
                0x080000cc                PROVIDE (__preinit_array_start = .)
 *(.preinit_array)
                0x080000cc                PROVIDE (__preinit_array_end = .)
                0x080000cc                . = ALIGN (0x4)
                0x080000cc                PROVIDE (__init_array_start = .)
 *(SORT_BY_NAME(.init_array.*))
 *(.init_array)
 .init_array    0x080000cc        0x4 c:/infineon/tools/modustoolbox/tools_2.4/gcc/bin/../lib/gcc/arm-none-eabi/10.3.1/thumb/v7e-m/nofp/crtbegin.o
                0x080000d0                PROVIDE (__init_array_end = .)
                0x080000d0                . = ALIGN (0x4)
                [!provide]                PROVIDE (__fini_array_start = .)
 *(SORT_BY_NAME(.fini_array.*))
 *(.fini_array)
 .fini_array    0x080000d0        0x4 c:/infineon/tools/modustoolbox/tools_2.4/gcc/bin/../lib/gcc/arm-none-eabi/10.3.1/thumb/v7e-m/nofp/crtbegin.o
                [!provide]                PROVIDE (__fini_array_end = .)
 *(.jcr*)
                0x080000d4                . = ALIGN (0x4)
 *(.cy_ramfunc*)
                0x080000d4                . = ALIGN (0x4)
                0x080000d4                __data_end__ = .

.igot.plt       0x080000d4        0x0 load address 0x10001360
 .igot.plt      0x080000d4        0x0 c:/infineon/tools/modustoolbox/tools_2.4/gcc/bin/../lib/gcc/arm-none-eabi/10.3.1/thumb/v7e-m/nofp/crtbegin.o

.cy_sharedmem   0x080000d4       0x18 load address 0x10001360
 .cy_sharedmem  0x080000d4        0x8 out/cy_ipc_sema.o
 .cy_sharedmem  0x080000dc       0x10 out/system_psoc6_cm0plus.o

.noinit         0x080000f0       0x94 load address 0x10001378
 *(.noinit)
 .noinit        0x080000f0       0x94 out/cy_syslib.o
                0x080000f0                cy_assertFileName
                0x08000108                cy_assertLine
                0x0800010c                cy_faultFrame

.bss            0x08000184      0x1b0 load address 0x10001378
                0x08000184                . = ALIGN (0x4)
                0x08000184                __bss_start__ = .
 *(.bss*)
 .bss           0x08000184       0x1c c:/infineon/tools/modustoolbox/tools_2.4/gcc/bin/../lib/gcc/arm-none-eabi/10.3.1/thumb/v7e-m/nofp/crtbegin.o
 .bss.cy_device
                0x080001a0        0x4 out/cy_device.o
                0x080001a0                cy_device
 .bss.cy_ipc_pipe_epArray
                0x080001a4        0x4 out/cy_ipc_pipe.o
 .bss.cy_semaIpcStruct
                0x080001a8        0x4 out/cy_ipc_sema.o
 .bss.cySysClkExtFreq
                0x080001ac        0x4 out/cy_sysclk.o
 .bss.ecoFrequency
                0x080001b0        0x4 out/cy_sysclk.o
 .bss.systemIpcPipeEpArray.2
                0x080001b4      0x160 out/system_psoc6_cm0plus.o
 .bss.systemIpcPipeSysCbArray.0
                0x08000314       0x20 out/system_psoc6_cm0plus.o
 *(COMMON)
                0x08000334                . = ALIGN (0x4)
                0x08000334                __bss_end__ = .

.heap           0x08000338      0xcc8 load address 0x10001378
                0x08000338                __HeapBase = .
                0x08000338                __end__ = .
                0x08000338                end = __end__
 *(.heap*)
 .heap          0x08000338      0x400 out/startup_psoc6_02_cm0plus.o
                0x08001000                . = ((ORIGIN (ram) + LENGTH (ram)) - STACK_SIZE)
 *fill*         0x08000738      0x8c8 
                0x08001000                __HeapLimit = .

.stack_dummy    0x08001000     0x1000 load address 0x10001378
 *(.stack*)
 .stack         0x08001000     0x1000 out/startup_psoc6_02_cm0plus.o
                0x08002000                __StackTop = (ORIGIN (ram) + LENGTH (ram))
                0x08001000                __StackLimit = (__StackTop - SIZEOF (.stack_dummy))
                0x08002000                PROVIDE (__stack = __StackTop)
                0x00000001                ASSERT ((__StackLimit >= __HeapLimit), region RAM overflowed with stack)

.cy_em_eeprom
 *(.cy_em_eeprom)

.cy_sflash_user_data
 *(.cy_sflash_user_data)

.cy_sflash_nar
 *(.cy_sflash_nar)

.cy_sflash_public_key
 *(.cy_sflash_public_key)

.cy_toc_part2
 *(.cy_toc_part2)

.cy_rtoc_part2
 *(.cy_rtoc_part2)

cy_xip          0x18000000        0x0
                0x18000000                __cy_xip_start = .
 *(.cy_xip)
                0x18000000                __cy_xip_end = .

.cy_efuse
 *(.cy_efuse)

.cymeta
 *(.cymeta)
                0x10000000                __cy_memory_0_start = 0x10000000
                0x00200000                __cy_memory_0_length = 0x200000
                0x00000200                __cy_memory_0_row_size = 0x200
                0x14000000                __cy_memory_1_start = 0x14000000
                0x00008000                __cy_memory_1_length = 0x8000
                0x00000200                __cy_memory_1_row_size = 0x200
                0x16000000                __cy_memory_2_start = 0x16000000
                0x00008000                __cy_memory_2_length = 0x8000
                0x00000200                __cy_memory_2_row_size = 0x200
                0x18000000                __cy_memory_3_start = 0x18000000
                0x08000000                __cy_memory_3_length = 0x8000000
                0x00000200                __cy_memory_3_row_size = 0x200
                0x90700000                __cy_memory_4_start = 0x90700000
                0x00100000                __cy_memory_4_length = 0x100000
                0x00000001                __cy_memory_4_row_size = 0x1
OUTPUT(out/psoc6_cm0.elf elf32-littlearm)
LOAD linker stubs

.ARM.attributes
                0x00000000       0x2e
 .ARM.attributes
                0x00000000       0x1e c:/infineon/tools/modustoolbox/tools_2.4/gcc/bin/../lib/gcc/arm-none-eabi/10.3.1/thumb/v7e-m/nofp/crti.o
 .ARM.attributes
                0x0000001e       0x2e c:/infineon/tools/modustoolbox/tools_2.4/gcc/bin/../lib/gcc/arm-none-eabi/10.3.1/thumb/v7e-m/nofp/crtbegin.o
 .ARM.attributes
                0x0000004c       0x32 out/cy_device.o
 .ARM.attributes
                0x0000007e       0x32 out/cy_ipc_pipe.o
 .ARM.attributes
                0x000000b0       0x32 out/cy_ipc_drv.o
 .ARM.attributes
                0x000000e2       0x32 out/cy_ipc_sema.o
 .ARM.attributes
                0x00000114       0x32 out/cy_wdt.o
 .ARM.attributes
                0x00000146       0x32 out/cy_sysint.o
 .ARM.attributes
                0x00000178       0x32 out/cy_sysclk.o
 .ARM.attributes
                0x000001aa       0x32 out/system_psoc6_cm0plus.o
 .ARM.attributes
                0x000001dc       0x1b out/startup_psoc6_02_cm0plus.o
 .ARM.attributes
                0x000001f7       0x32 out/cy_gpio.o
 .ARM.attributes
                0x00000229       0x32 out/cy_syslib.o
 .ARM.attributes
                0x0000025b       0x1c out/cy_syslib_gcc.o
 .ARM.attributes
                0x00000277       0x32 out/main.o
 .ARM.attributes
                0x000002a9       0x1e c:/infineon/tools/modustoolbox/tools_2.4/gcc/bin/../lib/gcc/arm-none-eabi/10.3.1/thumb/v7e-m/nofp\libgcc.a(_aeabi_uldivmod.o)
 .ARM.attributes
                0x000002c7       0x2e c:/infineon/tools/modustoolbox/tools_2.4/gcc/bin/../lib/gcc/arm-none-eabi/10.3.1/thumb/v7e-m/nofp\libgcc.a(_udivmoddi4.o)
 .ARM.attributes
                0x000002f5       0x1e c:/infineon/tools/modustoolbox/tools_2.4/gcc/bin/../lib/gcc/arm-none-eabi/10.3.1/thumb/v7e-m/nofp\libgcc.a(_dvmd_tls.o)
 .ARM.attributes
                0x00000313       0x2e c:/infineon/tools/modustoolbox/tools_2.4/gcc/bin/../lib/gcc/arm-none-eabi/10.3.1/../../../../arm-none-eabi/lib/thumb/v7e-m/nofp\libg_nano.a(lib_a-memset.o)
 .ARM.attributes
                0x00000341       0x2e c:/infineon/tools/modustoolbox/tools_2.4/gcc/bin/../lib/gcc/arm-none-eabi/10.3.1/thumb/v7e-m/nofp/crtend.o
 .ARM.attributes
                0x0000036f       0x1e c:/infineon/tools/modustoolbox/tools_2.4/gcc/bin/../lib/gcc/arm-none-eabi/10.3.1/thumb/v7e-m/nofp/crtn.o

.comment        0x00000000       0x49
 .comment       0x00000000       0x49 out/cy_device.o
                                 0x4a (size before relaxing)
 .comment       0x00000049       0x4a out/cy_ipc_pipe.o
 .comment       0x00000049       0x4a out/cy_ipc_drv.o
 .comment       0x00000049       0x4a out/cy_ipc_sema.o
 .comment       0x00000049       0x4a out/cy_wdt.o
 .comment       0x00000049       0x4a out/cy_sysint.o
 .comment       0x00000049       0x4a out/cy_sysclk.o
 .comment       0x00000049       0x4a out/system_psoc6_cm0plus.o
 .comment       0x00000049       0x4a out/cy_gpio.o
 .comment       0x00000049       0x4a out/cy_syslib.o
 .comment       0x00000049       0x4a out/main.o

.debug_info     0x00000000    0x14231
 .debug_info    0x00000000      0x654 out/cy_device.o
 .debug_info    0x00000654     0x1c1a out/cy_ipc_pipe.o
 .debug_info    0x0000226e      0xc5b out/cy_ipc_drv.o
 .debug_info    0x00002ec9      0xdb4 out/cy_ipc_sema.o
 .debug_info    0x00003c7d      0x865 out/cy_wdt.o
 .debug_info    0x000044e2     0x1051 out/cy_sysint.o
 .debug_info    0x00005533     0x40ab out/cy_sysclk.o
 .debug_info    0x000095de     0x165b out/system_psoc6_cm0plus.o
 .debug_info    0x0000ac39       0x26 out/startup_psoc6_02_cm0plus.o
 .debug_info    0x0000ac5f     0x461a out/cy_gpio.o
 .debug_info    0x0000f279     0x2868 out/cy_syslib.o
 .debug_info    0x00011ae1       0x26 out/cy_syslib_gcc.o
 .debug_info    0x00011b07     0x272a out/main.o

.debug_abbrev   0x00000000     0x1b32
 .debug_abbrev  0x00000000       0xc5 out/cy_device.o
 .debug_abbrev  0x000000c5      0x3a5 out/cy_ipc_pipe.o
 .debug_abbrev  0x0000046a      0x23d out/cy_ipc_drv.o
 .debug_abbrev  0x000006a7      0x27f out/cy_ipc_sema.o
 .debug_abbrev  0x00000926      0x173 out/cy_wdt.o
 .debug_abbrev  0x00000a99      0x2e5 out/cy_sysint.o
 .debug_abbrev  0x00000d7e      0x3a9 out/cy_sysclk.o
 .debug_abbrev  0x00001127      0x23b out/system_psoc6_cm0plus.o
 .debug_abbrev  0x00001362       0x14 out/startup_psoc6_02_cm0plus.o
 .debug_abbrev  0x00001376      0x27b out/cy_gpio.o
 .debug_abbrev  0x000015f1      0x396 out/cy_syslib.o
 .debug_abbrev  0x00001987       0x14 out/cy_syslib_gcc.o
 .debug_abbrev  0x0000199b      0x197 out/main.o

.debug_aranges  0x00000000      0x7d0
 .debug_aranges
                0x00000000       0x20 out/cy_device.o
 .debug_aranges
                0x00000020       0x68 out/cy_ipc_pipe.o
 .debug_aranges
                0x00000088       0x40 out/cy_ipc_drv.o
 .debug_aranges
                0x000000c8       0x48 out/cy_ipc_sema.o
 .debug_aranges
                0x00000110       0x58 out/cy_wdt.o
 .debug_aranges
                0x00000168       0x48 out/cy_sysint.o
 .debug_aranges
                0x000001b0      0x388 out/cy_sysclk.o
 .debug_aranges
                0x00000538       0x38 out/system_psoc6_cm0plus.o
 .debug_aranges
                0x00000570       0x20 out/startup_psoc6_02_cm0plus.o
 .debug_aranges
                0x00000590      0x168 out/cy_gpio.o
 .debug_aranges
                0x000006f8       0x98 out/cy_syslib.o
 .debug_aranges
                0x00000790       0x20 out/cy_syslib_gcc.o
 .debug_aranges
                0x000007b0       0x20 out/main.o

.debug_ranges   0x00000000      0x7f8
 .debug_ranges  0x00000000       0x10 out/cy_device.o
 .debug_ranges  0x00000010       0x58 out/cy_ipc_pipe.o
 .debug_ranges  0x00000068       0x30 out/cy_ipc_drv.o
 .debug_ranges  0x00000098       0x38 out/cy_ipc_sema.o
 .debug_ranges  0x000000d0       0x48 out/cy_wdt.o
 .debug_ranges  0x00000118       0x50 out/cy_sysint.o
 .debug_ranges  0x00000168      0x478 out/cy_sysclk.o
 .debug_ranges  0x000005e0       0x28 out/system_psoc6_cm0plus.o
 .debug_ranges  0x00000608      0x158 out/cy_gpio.o
 .debug_ranges  0x00000760       0x88 out/cy_syslib.o
 .debug_ranges  0x000007e8       0x10 out/main.o

.debug_line     0x00000000     0x7cec
 .debug_line    0x00000000      0x175 out/cy_device.o
 .debug_line    0x00000175      0xc4b out/cy_ipc_pipe.o
 .debug_line    0x00000dc0      0x510 out/cy_ipc_drv.o
 .debug_line    0x000012d0      0x61f out/cy_ipc_sema.o
 .debug_line    0x000018ef      0x384 out/cy_wdt.o
 .debug_line    0x00001c73      0x424 out/cy_sysint.o
 .debug_line    0x00002097     0x2f4c out/cy_sysclk.o
 .debug_line    0x00004fe3      0x44a out/system_psoc6_cm0plus.o
 .debug_line    0x0000542d       0xf2 out/startup_psoc6_02_cm0plus.o
 .debug_line    0x0000551f     0x1ce7 out/cy_gpio.o
 .debug_line    0x00007206      0x7f6 out/cy_syslib.o
 .debug_line    0x000079fc       0x84 out/cy_syslib_gcc.o
 .debug_line    0x00007a80      0x26c out/main.o

.debug_str      0x00000000     0xceb8
 .debug_str     0x00000000      0x808 out/cy_device.o
                                0x865 (size before relaxing)
 .debug_str     0x00000808     0x1be7 out/cy_ipc_pipe.o
                               0x23d8 (size before relaxing)
 .debug_str     0x000023ef      0x10e out/cy_ipc_drv.o
                                0xa15 (size before relaxing)
 .debug_str     0x000024fd      0x29c out/cy_ipc_sema.o
                                0xbf0 (size before relaxing)
 .debug_str     0x00002799      0x4f1 out/cy_wdt.o
                                0x6f5 (size before relaxing)
 .debug_str     0x00002c8a      0x1d0 out/cy_sysint.o
                               0x1ced (size before relaxing)
 .debug_str     0x00002e5a     0x2675 out/cy_sysclk.o
                               0x33d5 (size before relaxing)
 .debug_str     0x000054cf      0x181 out/system_psoc6_cm0plus.o
                               0x2411 (size before relaxing)
 .debug_str     0x00005650       0xd3 out/startup_psoc6_02_cm0plus.o
 .debug_str     0x00005723     0x68b0 out/cy_gpio.o
                               0x70df (size before relaxing)
 .debug_str     0x0000bfd3      0xdfa out/cy_syslib.o
                               0x1dee (size before relaxing)
 .debug_str     0x0000cdcd       0x44 out/cy_syslib_gcc.o
                                 0x98 (size before relaxing)
 .debug_str     0x0000ce11       0xa7 out/main.o
                               0x6586 (size before relaxing)

.debug_frame    0x00000000     0x1240
 .debug_frame   0x00000000       0x20 out/cy_device.o
 .debug_frame   0x00000020      0x104 out/cy_ipc_pipe.o
 .debug_frame   0x00000124       0x60 out/cy_ipc_drv.o
 .debug_frame   0x00000184       0xb8 out/cy_ipc_sema.o
 .debug_frame   0x0000023c       0xb0 out/cy_wdt.o
 .debug_frame   0x000002ec       0x7c out/cy_sysint.o
 .debug_frame   0x00000368      0x914 out/cy_sysclk.o
 .debug_frame   0x00000c7c       0x68 out/system_psoc6_cm0plus.o
 .debug_frame   0x00000ce4      0x35c out/cy_gpio.o
 .debug_frame   0x00001040      0x158 out/cy_syslib.o
 .debug_frame   0x00001198       0x28 out/main.o
 .debug_frame   0x000011c0       0x2c c:/infineon/tools/modustoolbox/tools_2.4/gcc/bin/../lib/gcc/arm-none-eabi/10.3.1/thumb/v7e-m/nofp\libgcc.a(_aeabi_uldivmod.o)
 .debug_frame   0x000011ec       0x34 c:/infineon/tools/modustoolbox/tools_2.4/gcc/bin/../lib/gcc/arm-none-eabi/10.3.1/thumb/v7e-m/nofp\libgcc.a(_udivmoddi4.o)
 .debug_frame   0x00001220       0x20 c:/infineon/tools/modustoolbox/tools_2.4/gcc/bin/../lib/gcc/arm-none-eabi/10.3.1/../../../../arm-none-eabi/lib/thumb/v7e-m/nofp\libg_nano.a(lib_a-memset.o)

.debug_loc      0x00000000     0x61ea
 .debug_loc     0x00000000      0x7e1 out/cy_ipc_pipe.o
 .debug_loc     0x000007e1      0x4fa out/cy_ipc_drv.o
 .debug_loc     0x00000cdb      0x858 out/cy_ipc_sema.o
 .debug_loc     0x00001533       0x64 out/cy_wdt.o
 .debug_loc     0x00001597      0x2b9 out/cy_sysint.o
 .debug_loc     0x00001850     0x3475 out/cy_sysclk.o
 .debug_loc     0x00004cc5       0x53 out/system_psoc6_cm0plus.o
 .debug_loc     0x00004d18     0x12ad out/cy_gpio.o
 .debug_loc     0x00005fc5      0x225 out/cy_syslib.o
